Archive member included to satisfy reference by file (symbol)

c:/efinity/efinity-riscv-ide-2025.2/toolchain/bin/../lib/gcc/riscv-none-embed/8.3.0/../../../../riscv-none-embed/lib/rv32im/ilp32\libc.a(lib_a-init.o)
                              build/obj_files/start.o (__libc_init_array)
c:/efinity/efinity-riscv-ide-2025.2/toolchain/bin/../lib/gcc/riscv-none-embed/8.3.0/../../../../riscv-none-embed/lib/rv32im/ilp32\libc.a(lib_a-malloc.o)
                              build/obj_files/efx_mmc_driver.o (malloc)
c:/efinity/efinity-riscv-ide-2025.2/toolchain/bin/../lib/gcc/riscv-none-embed/8.3.0/../../../../riscv-none-embed/lib/rv32im/ilp32\libc.a(lib_a-mallocr.o)
                              c:/efinity/efinity-riscv-ide-2025.2/toolchain/bin/../lib/gcc/riscv-none-embed/8.3.0/../../../../riscv-none-embed/lib/rv32im/ilp32\libc.a(lib_a-malloc.o) (_malloc_r)
c:/efinity/efinity-riscv-ide-2025.2/toolchain/bin/../lib/gcc/riscv-none-embed/8.3.0/../../../../riscv-none-embed/lib/rv32im/ilp32\libc.a(lib_a-memcmp.o)
                              build/obj_files/sdhc_driver.o (memcmp)
c:/efinity/efinity-riscv-ide-2025.2/toolchain/bin/../lib/gcc/riscv-none-embed/8.3.0/../../../../riscv-none-embed/lib/rv32im/ilp32\libc.a(lib_a-memset.o)
                              build/obj_files/efx_mmc_driver.o (memset)
c:/efinity/efinity-riscv-ide-2025.2/toolchain/bin/../lib/gcc/riscv-none-embed/8.3.0/../../../../riscv-none-embed/lib/rv32im/ilp32\libc.a(lib_a-mlock.o)
                              c:/efinity/efinity-riscv-ide-2025.2/toolchain/bin/../lib/gcc/riscv-none-embed/8.3.0/../../../../riscv-none-embed/lib/rv32im/ilp32\libc.a(lib_a-mallocr.o) (__malloc_lock)
c:/efinity/efinity-riscv-ide-2025.2/toolchain/bin/../lib/gcc/riscv-none-embed/8.3.0/../../../../riscv-none-embed/lib/rv32im/ilp32\libc.a(lib_a-rand.o)
                              build/obj_files/sdhc_driver.o (srand)
c:/efinity/efinity-riscv-ide-2025.2/toolchain/bin/../lib/gcc/riscv-none-embed/8.3.0/../../../../riscv-none-embed/lib/rv32im/ilp32\libc.a(lib_a-sbrkr.o)
                              c:/efinity/efinity-riscv-ide-2025.2/toolchain/bin/../lib/gcc/riscv-none-embed/8.3.0/../../../../riscv-none-embed/lib/rv32im/ilp32\libc.a(lib_a-mallocr.o) (_sbrk_r)
c:/efinity/efinity-riscv-ide-2025.2/toolchain/bin/../lib/gcc/riscv-none-embed/8.3.0/../../../../riscv-none-embed/lib/rv32im/ilp32\libc.a(lib_a-freer.o)
                              c:/efinity/efinity-riscv-ide-2025.2/toolchain/bin/../lib/gcc/riscv-none-embed/8.3.0/../../../../riscv-none-embed/lib/rv32im/ilp32\libc.a(lib_a-malloc.o) (_free_r)
c:/efinity/efinity-riscv-ide-2025.2/toolchain/bin/../lib/gcc/riscv-none-embed/8.3.0/../../../../riscv-none-embed/lib/rv32im/ilp32\libc.a(lib_a-impure.o)
                              c:/efinity/efinity-riscv-ide-2025.2/toolchain/bin/../lib/gcc/riscv-none-embed/8.3.0/../../../../riscv-none-embed/lib/rv32im/ilp32\libc.a(lib_a-malloc.o) (_impure_ptr)
c:/efinity/efinity-riscv-ide-2025.2/toolchain/bin/../lib/gcc/riscv-none-embed/8.3.0/../../../../riscv-none-embed/lib/rv32im/ilp32\libc.a(lib_a-reent.o)
                              c:/efinity/efinity-riscv-ide-2025.2/toolchain/bin/../lib/gcc/riscv-none-embed/8.3.0/../../../../riscv-none-embed/lib/rv32im/ilp32\libc.a(lib_a-sbrkr.o) (errno)
c:/efinity/efinity-riscv-ide-2025.2/toolchain/bin/../lib/gcc/riscv-none-embed/8.3.0/rv32im/ilp32\libgcc.a(_udivdi3.o)
                              build/obj_files/sdhc_driver.o (__udivdi3)
c:/efinity/efinity-riscv-ide-2025.2/toolchain/bin/../lib/gcc/riscv-none-embed/8.3.0/rv32im/ilp32\libgcc.a(_clz.o)
                              c:/efinity/efinity-riscv-ide-2025.2/toolchain/bin/../lib/gcc/riscv-none-embed/8.3.0/rv32im/ilp32\libgcc.a(_udivdi3.o) (__clz_tab)
c:/efinity/efinity-riscv-ide-2025.2/toolchain/bin/../lib/gcc/riscv-none-embed/8.3.0/../../../../riscv-none-embed/lib/rv32im/ilp32\libnosys.a(sbrk.o)
                              c:/efinity/efinity-riscv-ide-2025.2/toolchain/bin/../lib/gcc/riscv-none-embed/8.3.0/../../../../riscv-none-embed/lib/rv32im/ilp32\libc.a(lib_a-sbrkr.o) (_sbrk)

Allocating common symbols
Common symbol       size              file

dev                 0x4               build/obj_files/intc.o
flashled            0x4               build/obj_files/intc.o
errno               0x4               c:/efinity/efinity-riscv-ide-2025.2/toolchain/bin/../lib/gcc/riscv-none-embed/8.3.0/../../../../riscv-none-embed/lib/rv32im/ilp32\libc.a(lib_a-reent.o)
ChannelCount        0x10              build/obj_files/intc.o
AttributeDescriptor
                    0x100             build/obj_files/efx_mmc_driver.o
camStatus           0x10              build/obj_files/main.o
DataDescriptor      0x100             build/obj_files/efx_mmc_driver.o
Descriptor          0x100             build/obj_files/efx_mmc_driver.o
input_descriptor    0x500             build/obj_files/main.o
framebuffer_ptr     0x28              build/obj_files/main.o
cs_descriptor_csi_RX
[...]
Memory Configuration

Name             Origin             Length             Attributes
ram              0x0000000000001000 0x000000000007f000 axwl !r
*default*        0x0000000000000000 0xffffffffffffffff

Linker script and memory map

LOAD build/obj_files/efx_mmc_driver.o
LOAD build/obj_files/PiCamDriver.o
LOAD build/obj_files/intc.o
LOAD build/obj_files/main.o
LOAD build/obj_files/common.o
LOAD build/obj_files/sdhc_driver.o
LOAD build/obj_files/IMX477_Driver.o
LOAD build/obj_files/GMSL_SerDes.o
LOAD build/obj_files/dma_video_stream.o
LOAD build/obj_files/start.o
LOAD build/obj_files/trap.o
LOAD c:/efinity/efinity-riscv-ide-2025.2/toolchain/bin/../lib/gcc/riscv-none-embed/8.3.0/../../../../riscv-none-embed/lib/rv32im/ilp32\libc.a
LOAD c:/efinity/efinity-riscv-ide-2025.2/toolchain/bin/../lib/gcc/riscv-none-embed/8.3.0/rv32im/ilp32\libgcc.a
                0x0000000000001000                __stack_size = DEFINED (__stack_size)?__stack_size:0x1000

.init           0x0000000000001000       0x64
 *(SORT_NONE(.init))
 .init          0x0000000000001000       0x64 build/obj_files/start.o
                0x0000000000001000                _start
                0x0000000000001060                _init

.text           0x0000000000001064     0x7a18
 *(.text.Proc_1)
 *(.text.Proc_2)
 *(.text.Proc_3)
 *(.text.Proc_4)
 *(.text.Proc_5)
 *(.text.Proc_6)
 *(.text.Proc_7)
 *(.text.Proc_8)
 *(.text.Func_1)
 *(.text.Func_2)
 *(.text.Func_3)
 *(.text.strcpy)
 *libc.a:*(.text .text.*)
 .text          0x0000000000001064        0x0 c:/efinity/efinity-riscv-ide-2025.2/toolchain/bin/../lib/gcc/riscv-none-embed/8.3.0/../../../../riscv-none-embed/lib/rv32im/ilp32\libc.a(lib_a-init.o)
 .text.__libc_init_array
                0x0000000000001064       0x94 c:/efinity/efinity-riscv-ide-2025.2/toolchain/bin/../lib/gcc/riscv-none-embed/8.3.0/../../../../riscv-none-embed/lib/rv32im/ilp32\libc.a(lib_a-init.o)
                0x0000000000001064                __libc_init_array
 .text          0x00000000000010f8        0x0 c:/efinity/efinity-riscv-ide-2025.2/toolchain/bin/../lib/gcc/riscv-none-embed/8.3.0/../../../../riscv-none-embed/lib/rv32im/ilp32\libc.a(lib_a-malloc.o)
 .text.malloc   0x00000000000010f8       0x10 c:/efinity/efinity-riscv-ide-2025.2/toolchain/bin/../lib/gcc/riscv-none-embed/8.3.0/../../../../riscv-none-embed/lib/rv32im/ilp32\libc.a(lib_a-malloc.o)
                0x00000000000010f8                malloc
 .text.free     0x0000000000001108       0x10 c:/efinity/efinity-riscv-ide-2025.2/toolchain/bin/../lib/gcc/riscv-none-embed/8.3.0/../../../../riscv-none-embed/lib/rv32im/ilp32\libc.a(lib_a-malloc.o)
                0x0000000000001108                free
 .text          0x0000000000001118        0x0 c:/efinity/efinity-riscv-ide-2025.2/toolchain/bin/../lib/gcc/riscv-none-embed/8.3.0/../../../../riscv-none-embed/lib/rv32im/ilp32\libc.a(lib_a-mallocr.o)
 .text._malloc_r
                0x0000000000001118      0x808 c:/efinity/efinity-riscv-ide-2025.2/toolchain/bin/../lib/gcc/riscv-none-embed/8.3.0/../../../../riscv-none-embed/lib/rv32im/ilp32\libc.a(lib_a-mallocr.o)
                0x0000000000001118                _malloc_r
 .text          0x0000000000001920        0x0 c:/efinity/efinity-riscv-ide-2025.2/toolchain/bin/../lib/gcc/riscv-none-embed/8.3.0/../../../../riscv-none-embed/lib/rv32im/ilp32\libc.a(lib_a-memcmp.o)
 .text.memcmp   0x0000000000001920       0x88 c:/efinity/efinity-riscv-ide-2025.2/toolchain/bin/../lib/gcc/riscv-none-embed/8.3.0/../../../../riscv-none-embed/lib/rv32im/ilp32\libc.a(lib_a-memcmp.o)
                0x0000000000001920                memcmp
 .text          0x00000000000019a8       0xdc c:/efinity/efinity-riscv-ide-2025.2/toolchain/bin/../lib/gcc/riscv-none-embed/8.3.0/../../../../riscv-none-embed/lib/rv32im/ilp32\libc.a(lib_a-memset.o)
                0x00000000000019a8                memset
 .text          0x0000000000001a84        0x0 c:/efinity/efinity-riscv-ide-2025.2/toolchain/bin/../lib/gcc/riscv-none-embed/8.3.0/../../../../riscv-none-embed/lib/rv32im/ilp32\libc.a(lib_a-mlock.o)
 .text.__malloc_lock
                0x0000000000001a84        0x4 c:/efinity/efinity-riscv-ide-2025.2/toolchain/bin/../lib/gcc/riscv-none-embed/8.3.0/../../../../riscv-none-embed/lib/rv32im/ilp32\libc.a(lib_a-mlock.o)
                0x0000000000001a84                __malloc_lock
 .text.__malloc_unlock
                0x0000000000001a88        0x4 c:/efinity/efinity-riscv-ide-2025.2/toolchain/bin/../lib/gcc/riscv-none-embed/8.3.0/../../../../riscv-none-embed/lib/rv32im/ilp32\libc.a(lib_a-mlock.o)
                0x0000000000001a88                __malloc_unlock
 .text          0x0000000000001a8c        0x0 c:/efinity/efinity-riscv-ide-2025.2/toolchain/bin/../lib/gcc/riscv-none-embed/8.3.0/../../../../riscv-none-embed/lib/rv32im/ilp32\libc.a(lib_a-rand.o)
 .text.srand    0x0000000000001a8c       0x14 c:/efinity/efinity-riscv-ide-2025.2/toolchain/bin/../lib/gcc/riscv-none-embed/8.3.0/../../../../riscv-none-embed/lib/rv32im/ilp32\libc.a(lib_a-rand.o)
                0x0000000000001a8c                srand
 .text.rand     0x0000000000001aa0       0x58 c:/efinity/efinity-riscv-ide-2025.2/toolchain/bin/../lib/gcc/riscv-none-embed/8.3.0/../../../../riscv-none-embed/lib/rv32im/ilp32\libc.a(lib_a-rand.o)
                0x0000000000001aa0                rand
 .text          0x0000000000001af8        0x0 c:/efinity/efinity-riscv-ide-2025.2/toolchain/bin/../lib/gcc/riscv-none-embed/8.3.0/../../../../riscv-none-embed/lib/rv32im/ilp32\libc.a(lib_a-sbrkr.o)
 .text._sbrk_r  0x0000000000001af8       0x54 c:/efinity/efinity-riscv-ide-2025.2/toolchain/bin/../lib/gcc/riscv-none-embed/8.3.0/../../../../riscv-none-embed/lib/rv32im/ilp32\libc.a(lib_a-sbrkr.o)
                0x0000000000001af8                _sbrk_r
 .text          0x0000000000001b4c        0x0 c:/efinity/efinity-riscv-ide-2025.2/toolchain/bin/../lib/gcc/riscv-none-embed/8.3.0/../../../../riscv-none-embed/lib/rv32im/ilp32\libc.a(lib_a-freer.o)
 .text._malloc_trim_r
                0x0000000000001b4c      0x12c c:/efinity/efinity-riscv-ide-2025.2/toolchain/bin/../lib/gcc/riscv-none-embed/8.3.0/../../../../riscv-none-embed/lib/rv32im/ilp32\libc.a(lib_a-freer.o)
                0x0000000000001b4c                _malloc_trim_r
 .text._free_r  0x0000000000001c78      0x318 c:/efinity/efinity-riscv-ide-2025.2/toolchain/bin/../lib/gcc/riscv-none-embed/8.3.0/../../../../riscv-none-embed/lib/rv32im/ilp32\libc.a(lib_a-freer.o)
                0x0000000000001c78                _free_r
 .text          0x0000000000001f90        0x0 c:/efinity/efinity-riscv-ide-2025.2/toolchain/bin/../lib/gcc/riscv-none-embed/8.3.0/../../../../riscv-none-embed/lib/rv32im/ilp32\libc.a(lib_a-impure.o)
 .text          0x0000000000001f90        0x0 c:/efinity/efinity-riscv-ide-2025.2/toolchain/bin/../lib/gcc/riscv-none-embed/8.3.0/../../../../riscv-none-embed/lib/rv32im/ilp32\libc.a(lib_a-reent.o)
 .text.cleanup_glue
                0x0000000000001f90       0x40 c:/efinity/efinity-riscv-ide-2025.2/toolchain/bin/../lib/gcc/riscv-none-embed/8.3.0/../../../../riscv-none-embed/lib/rv32im/ilp32\libc.a(lib_a-reent.o)
                0x0000000000001f90                cleanup_glue
 .text._reclaim_reent
                0x0000000000001fd0      0x110 c:/efinity/efinity-riscv-ide-2025.2/toolchain/bin/../lib/gcc/riscv-none-embed/8.3.0/../../../../riscv-none-embed/lib/rv32im/ilp32\libc.a(lib_a-reent.o)
                0x0000000000001fd0                _reclaim_reent
 *(.text.main)
 *(.text.unlikely .text.unlikely.*)
 *(.text.startup .text.startup.*)
 *(.text .text.*)
 .text          0x00000000000020e0      0xa24 build/obj_files/efx_mmc_driver.o
                0x0000000000002114                sd_ctrl_get_cd
                0x000000000000211c                sd_ctrl_get_wp
                0x0000000000002124                sd_ctrl_write
                0x0000000000002134                sd_ctrl_read
                0x0000000000002144                sd_ctrl_cmd
                0x0000000000002428                sd_ctrl_creat_Descriptor
                0x0000000000002558                sd_ctrl_data
                0x00000000000027b0                sd_ctrl_check_read_write
                0x00000000000027fc                sd_ctrl_send_cmd
                0x0000000000002868                sd_ctrl_set_clk
                0x00000000000028dc                sd_ctrl_set_bus
                0x000000000000291c                sd_ctrl_set_ios
                0x000000000000294c                sd_ctrl_init
                0x00000000000029a8                sd_ctrl_mmc_probe
 .text          0x0000000000002b04      0xa78 build/obj_files/PiCamDriver.o
                0x0000000000002bd4                PiCam_WriteRegData
                0x0000000000002cec                PiCam_ReadRegData
                0x0000000000002df4                AccessCommSeq
                0x0000000000002e5c                PiCam_Output_Size
                0x0000000000002eb8                PiCam_Output_activePixel
                0x0000000000002f5c                PiCam_Output_activePixelX
                0x0000000000002fb8                PiCam_Output_activePixelY
                0x0000000000003014                PiCam_SetBinningMode
                0x0000000000003064                PiCam_Output_ColorBarSize
                0x00000000000030c0                PiCam_TestPattern
                0x0000000000003130                PiCam_TestPatternColur
                0x0000000000003224                PiCam_Gainfilter
                0x0000000000003278                PiCam_init
 .text          0x000000000000357c      0x80c build/obj_files/intc.o
                0x00000000000036dc                printb
                0x00000000000036fc                print_hexb
                0x0000000000003760                UserInterruptSDIsr
                0x0000000000003964                UserInterruptDMAIsr
                0x0000000000003ae4                crash
                0x0000000000003b00                crash_test
                0x0000000000003b48                crash_testB
                0x0000000000003b8c                userInterrupt
                0x0000000000003c08                trap
                0x0000000000003c80                IntcInitialize
                0x0000000000003d38                IntcSDInitialize
 .text          0x0000000000003d88     0x1628 build/obj_files/main.o
                0x0000000000004260                print
                0x0000000000004280                check_sd
                0x000000000000460c                cmd_cam_brightnes
                0x00000000000046dc                cmd_cam_colour_gain
                0x0000000000004824                inital_video_stream
                0x0000000000004e10                overlay_update
                0x0000000000004e14                cmd_operation
                0x0000000000005218                switch2cmd
                0x000000000000526c                swtich_event
                0x00000000000052f8                main
 .text          0x00000000000053b0      0x1a8 build/obj_files/common.o
                0x0000000000005440                Reg_Out32
                0x0000000000005448                Reg_In32
                0x0000000000005450                assert
                0x0000000000005484                putchar
                0x00000000000054b4                bsp_puts
                0x00000000000054f4                print_hex
 .text          0x0000000000005558      0xc24 build/obj_files/sdhc_driver.o
                0x0000000000005940                sd_send_cmd
                0x0000000000005974                SD_READ_CSD
                0x0000000000005a34                SD_CardInitial
                0x0000000000005cd8                SD_EraseBlk
                0x0000000000005d6c                SD_WRITE_BLOCK
                0x0000000000005e6c                SD_READ_BLOCK
                0x0000000000005f64                SD_ReadWriteCompare
                0x0000000000006124                SD_InitRandomBuff
 .text          0x000000000000617c      0x858 build/obj_files/IMX477_Driver.o
                0x0000000000006600                imx477_WriteRegData
                0x0000000000006718                imx477_ReadRegData
                0x0000000000006820                imx477_WriteRegs
                0x0000000000006898                imx477_init
 .text          0x00000000000069d4      0x610 build/obj_files/GMSL_SerDes.o
                0x0000000000006ad8                GMSL_Ser_WriteRegData
                0x0000000000006bf0                GMSL_Des_WriteRegData
                0x0000000000006d08                GMSL_Ser_ReadRegData
                0x0000000000006e10                GMSL_Des_ReadRegData
                0x0000000000006f18                GMSL_SerDes_init
 .text          0x0000000000006fe4     0x1538 build/obj_files/dma_video_stream.o
                0x0000000000007520                framebuffer_loadTable
                0x00000000000076a0                framebuffer_overlayFrame
                0x00000000000077d0                framebuffer_overlayMask
                0x0000000000007840                framebuffer_pattern
                0x000000000000798c                dma_video_in_channel_execution
                0x0000000000007a38                dma_video_in_channel_SG
                0x0000000000007b94                dma_video_out_channel_SG
                0x0000000000007d04                dma_video_in_stop
                0x0000000000007d48                dma_video_in_channel_stop
                0x0000000000007d84                dma_video_out_stop
                0x0000000000007dbc                dma_video_out_channel_stop
                0x0000000000007e00                dma_video_in_channel_cs_sg_execution
                0x0000000000007f48                dma_video_out_channel_cs_sg_execution
                0x0000000000008080                dma_video_out_channel_execution
                0x000000000000812c                dma_video_out_execution
                0x00000000000081c8                dma_video_out_split4_frame
                0x00000000000084c8                mipi_i2c_init
                0x0000000000008518                hdmi_i2c_init
 .text          0x000000000000851c        0x0 build/obj_files/start.o
 .text          0x000000000000851c       0x90 build/obj_files/trap.o
                0x000000000000851c                trap_entry
 .text          0x00000000000085ac        0x0 c:/efinity/efinity-riscv-ide-2025.2/toolchain/bin/../lib/gcc/riscv-none-embed/8.3.0/rv32im/ilp32\libgcc.a(_udivdi3.o)
 .text.__udivdi3
                0x00000000000085ac      0x4a0 c:/efinity/efinity-riscv-ide-2025.2/toolchain/bin/../lib/gcc/riscv-none-embed/8.3.0/rv32im/ilp32\libgcc.a(_udivdi3.o)
                0x00000000000085ac                __udivdi3
 .text          0x0000000000008a4c        0x0 c:/efinity/efinity-riscv-ide-2025.2/toolchain/bin/../lib/gcc/riscv-none-embed/8.3.0/rv32im/ilp32\libgcc.a(_clz.o)
 .text          0x0000000000008a4c        0x0 c:/efinity/efinity-riscv-ide-2025.2/toolchain/bin/../lib/gcc/riscv-none-embed/8.3.0/../../../../riscv-none-embed/lib/rv32im/ilp32\libnosys.a(sbrk.o)
 .text._sbrk    0x0000000000008a4c       0x30 c:/efinity/efinity-riscv-ide-2025.2/toolchain/bin/../lib/gcc/riscv-none-embed/8.3.0/../../../../riscv-none-embed/lib/rv32im/ilp32\libnosys.a(sbrk.o)
                0x0000000000008a4c                _sbrk
 *(.gnu.linkonce.t.*)
 *(.note.gnu.build-id)

.sdata2._global_impure_ptr
                0x0000000000008a7c        0x4
 .sdata2._global_impure_ptr
                0x0000000000008a7c        0x4 c:/efinity/efinity-riscv-ide-2025.2/toolchain/bin/../lib/gcc/riscv-none-embed/8.3.0/../../../../riscv-none-embed/lib/rv32im/ilp32\libc.a(lib_a-impure.o)
                0x0000000000008a7c                _global_impure_ptr

.eh_frame       0x0000000000008a80       0x28
 .eh_frame      0x0000000000008a80       0x28 c:/efinity/efinity-riscv-ide-2025.2/toolchain/bin/../lib/gcc/riscv-none-embed/8.3.0/rv32im/ilp32\libgcc.a(_udivdi3.o)

.rela.dyn       0x0000000000008aa8        0x0
 .rela.text     0x0000000000008aa8        0x0 build/obj_files/efx_mmc_driver.o
 .rela.init     0x0000000000008aa8        0x0 build/obj_files/efx_mmc_driver.o
 .rela.text.__libc_init_array
                0x0000000000008aa8        0x0 build/obj_files/efx_mmc_driver.o
 .rela.text._sbrk_r
                0x0000000000008aa8        0x0 build/obj_files/efx_mmc_driver.o
 .rela.text._sbrk
                0x0000000000008aa8        0x0 build/obj_files/efx_mmc_driver.o

.fini
 *(SORT_NONE(.fini))
                [!provide]                        PROVIDE (__etext = .)
                [!provide]                        PROVIDE (_etext = .)
                [!provide]                        PROVIDE (etext = .)
                0x0000000000008aa8                . = ALIGN (0x4)

.preinit_array  0x0000000000008aa8        0x0
                0x0000000000008aa8                PROVIDE (__preinit_array_start = .)
 *(.preinit_array)
                0x0000000000008aa8                PROVIDE (__preinit_array_end = .)

.init_array     0x0000000000008aa8        0x0
                0x0000000000008aa8                PROVIDE (__init_array_start = .)
 *(SORT_BY_INIT_PRIORITY(.init_array.*) SORT_BY_INIT_PRIORITY(.ctors.*))
 *(.init_array EXCLUDE_FILE(*crtend?.o *crtend.o *crtbegin?.o *crtbegin.o) .ctors)
                0x0000000000008aa8                PROVIDE (__init_array_end = .)

.fini_array     0x0000000000008aa8        0x0
                [!provide]                        PROVIDE (__fini_array_start = .)
 *(SORT_BY_INIT_PRIORITY(.fini_array.*) SORT_BY_INIT_PRIORITY(.dtors.*))
 *(.fini_array EXCLUDE_FILE(*crtend?.o *crtend.o *crtbegin?.o *crtbegin.o) .dtors)
                [!provide]                        PROVIDE (__fini_array_end = .)

.ctors
 *crtbegin.o(.ctors)
 *crtbegin?.o(.ctors)
 *(EXCLUDE_FILE(*crtend?.o *crtend.o) .ctors)
 *(SORT_BY_NAME(.ctors.*))
 *(.ctors)

.dtors
 *crtbegin.o(.dtors)
 *crtbegin?.o(.dtors)
 *(EXCLUDE_FILE(*crtend?.o *crtend.o) .dtors)
 *(SORT_BY_NAME(.dtors.*))
 *(.dtors)

.lalign         0x0000000000008aa8        0x0
                0x0000000000008aa8                PROVIDE (_data_lma = .)

.dalign         0x0000000000008aa8        0x0
                0x0000000000008aa8                PROVIDE (_data = .)

.data           0x0000000000008aa8    0x497cf
 *(.rdata)
 *(.rodata .rodata.*)
 .rodata        0x0000000000008aa8       0x50 build/obj_files/efx_mmc_driver.o
 .rodata.str1.4
                0x0000000000008af8       0x12 build/obj_files/efx_mmc_driver.o
 *fill*         0x0000000000008b0a        0x2 
 .rodata.str1.4
                0x0000000000008b0c       0x65 build/obj_files/intc.o
                                         0x69 (size before relaxing)
 *fill*         0x0000000000008b71        0x3 
 .rodata.str1.4
                0x0000000000008b74      0x58c build/obj_files/main.o
                                        0x5a4 (size before relaxing)
 .rodata.str1.4
                0x0000000000009100       0x13 build/obj_files/common.o
                                         0x25 (size before relaxing)
 *fill*         0x0000000000009113        0x1 
 .rodata        0x0000000000009114       0x50 build/obj_files/sdhc_driver.o
 .rodata.str1.4
                0x0000000000009164       0xc7 build/obj_files/sdhc_driver.o
                                        0x13b (size before relaxing)
 *fill*         0x000000000000922b        0x1 
 .rodata        0x000000000000922c      0x690 build/obj_files/IMX477_Driver.o
 .rodata.str1.4
                0x00000000000098bc       0x23 build/obj_files/IMX477_Driver.o
                                         0x97 (size before relaxing)
 *fill*         0x00000000000098df        0x1 
 .rodata        0x00000000000098e0    0x47e38 build/obj_files/dma_video_stream.o
                0x0000000000009b20                raw_table4
                0x00000000000180b8                raw_table3
                0x0000000000026650                raw_table2
                0x0000000000034be8                raw_table1
                0x0000000000043180                raw_table
 .rodata.str1.4
                0x0000000000051718      0x1f8 build/obj_files/dma_video_stream.o
                                        0x26b (size before relaxing)
 .rodata.__clz_tab
                0x0000000000051910      0x100 c:/efinity/efinity-riscv-ide-2025.2/toolchain/bin/../lib/gcc/riscv-none-embed/8.3.0/rv32im/ilp32\libgcc.a(_clz.o)
                0x0000000000051910                __clz_tab
 *(.gnu.linkonce.r.*)
 *(.data .data.*)
 .data          0x0000000000051a10        0x0 build/obj_files/efx_mmc_driver.o
 .data          0x0000000000051a10        0x0 build/obj_files/PiCamDriver.o
 .data          0x0000000000051a10        0x0 build/obj_files/intc.o
 .data          0x0000000000051a10        0x0 build/obj_files/main.o
 .data          0x0000000000051a10        0x0 build/obj_files/common.o
 .data          0x0000000000051a10        0x0 build/obj_files/sdhc_driver.o
 .data          0x0000000000051a10        0x0 build/obj_files/IMX477_Driver.o
 .data          0x0000000000051a10        0x0 build/obj_files/GMSL_SerDes.o
 .data          0x0000000000051a10        0x0 build/obj_files/dma_video_stream.o
 .data          0x0000000000051a10        0x0 build/obj_files/start.o
 .data          0x0000000000051a10        0x0 build/obj_files/trap.o
 .data          0x0000000000051a10        0x0 c:/efinity/efinity-riscv-ide-2025.2/toolchain/bin/../lib/gcc/riscv-none-embed/8.3.0/../../../../riscv-none-embed/lib/rv32im/ilp32\libc.a(lib_a-init.o)
 .data          0x0000000000051a10        0x0 c:/efinity/efinity-riscv-ide-2025.2/toolchain/bin/../lib/gcc/riscv-none-embed/8.3.0/../../../../riscv-none-embed/lib/rv32im/ilp32\libc.a(lib_a-malloc.o)
 .data          0x0000000000051a10        0x0 c:/efinity/efinity-riscv-ide-2025.2/toolchain/bin/../lib/gcc/riscv-none-embed/8.3.0/../../../../riscv-none-embed/lib/rv32im/ilp32\libc.a(lib_a-mallocr.o)
 .data.__malloc_av_
                0x0000000000051a10      0x408 c:/efinity/efinity-riscv-ide-2025.2/toolchain/bin/../lib/gcc/riscv-none-embed/8.3.0/../../../../riscv-none-embed/lib/rv32im/ilp32\libc.a(lib_a-mallocr.o)
                0x0000000000051a10                __malloc_av_
 .data          0x0000000000051e18        0x0 c:/efinity/efinity-riscv-ide-2025.2/toolchain/bin/../lib/gcc/riscv-none-embed/8.3.0/../../../../riscv-none-embed/lib/rv32im/ilp32\libc.a(lib_a-memcmp.o)
 .data          0x0000000000051e18        0x0 c:/efinity/efinity-riscv-ide-2025.2/toolchain/bin/../lib/gcc/riscv-none-embed/8.3.0/../../../../riscv-none-embed/lib/rv32im/ilp32\libc.a(lib_a-memset.o)
 .data          0x0000000000051e18        0x0 c:/efinity/efinity-riscv-ide-2025.2/toolchain/bin/../lib/gcc/riscv-none-embed/8.3.0/../../../../riscv-none-embed/lib/rv32im/ilp32\libc.a(lib_a-mlock.o)
 .data          0x0000000000051e18        0x0 c:/efinity/efinity-riscv-ide-2025.2/toolchain/bin/../lib/gcc/riscv-none-embed/8.3.0/../../../../riscv-none-embed/lib/rv32im/ilp32\libc.a(lib_a-rand.o)
 .data          0x0000000000051e18        0x0 c:/efinity/efinity-riscv-ide-2025.2/toolchain/bin/../lib/gcc/riscv-none-embed/8.3.0/../../../../riscv-none-embed/lib/rv32im/ilp32\libc.a(lib_a-sbrkr.o)
 .data          0x0000000000051e18        0x0 c:/efinity/efinity-riscv-ide-2025.2/toolchain/bin/../lib/gcc/riscv-none-embed/8.3.0/../../../../riscv-none-embed/lib/rv32im/ilp32\libc.a(lib_a-freer.o)
 .data          0x0000000000051e18        0x0 c:/efinity/efinity-riscv-ide-2025.2/toolchain/bin/../lib/gcc/riscv-none-embed/8.3.0/../../../../riscv-none-embed/lib/rv32im/ilp32\libc.a(lib_a-impure.o)
 .data.impure_data
                0x0000000000051e18      0x428 c:/efinity/efinity-riscv-ide-2025.2/toolchain/bin/../lib/gcc/riscv-none-embed/8.3.0/../../../../riscv-none-embed/lib/rv32im/ilp32\libc.a(lib_a-impure.o)
 .data          0x0000000000052240        0x0 c:/efinity/efinity-riscv-ide-2025.2/toolchain/bin/../lib/gcc/riscv-none-embed/8.3.0/../../../../riscv-none-embed/lib/rv32im/ilp32\libc.a(lib_a-reent.o)
 .data          0x0000000000052240        0x0 c:/efinity/efinity-riscv-ide-2025.2/toolchain/bin/../lib/gcc/riscv-none-embed/8.3.0/rv32im/ilp32\libgcc.a(_udivdi3.o)
 .data          0x0000000000052240        0x0 c:/efinity/efinity-riscv-ide-2025.2/toolchain/bin/../lib/gcc/riscv-none-embed/8.3.0/rv32im/ilp32\libgcc.a(_clz.o)
 .data          0x0000000000052240        0x0 c:/efinity/efinity-riscv-ide-2025.2/toolchain/bin/../lib/gcc/riscv-none-embed/8.3.0/../../../../riscv-none-embed/lib/rv32im/ilp32\libnosys.a(sbrk.o)
 *(.gnu.linkonce.d.*)
                0x0000000000052240                . = ALIGN (0x8)
                0x0000000000052a30                PROVIDE (__global_pointer$ = (. + 0x7f0))
 *(.sdata .sdata.*)
 .sdata         0x0000000000052240       0x1c build/obj_files/main.o
                0x0000000000052240                NextDisplayMode
                0x0000000000052244                last_switch
                0x0000000000052248                lastChannel
                0x000000000005224c                cam_gain_b
                0x0000000000052250                cam_gain_g
                0x0000000000052254                cam_gain_r
                0x0000000000052258                cam_brightness
 .sdata.__malloc_sbrk_base
                0x000000000005225c        0x4 c:/efinity/efinity-riscv-ide-2025.2/toolchain/bin/../lib/gcc/riscv-none-embed/8.3.0/../../../../riscv-none-embed/lib/rv32im/ilp32\libc.a(lib_a-mallocr.o)
                0x000000000005225c                __malloc_sbrk_base
 .sdata.__malloc_trim_threshold
                0x0000000000052260        0x4 c:/efinity/efinity-riscv-ide-2025.2/toolchain/bin/../lib/gcc/riscv-none-embed/8.3.0/../../../../riscv-none-embed/lib/rv32im/ilp32\libc.a(lib_a-mallocr.o)
                0x0000000000052260                __malloc_trim_threshold
 .sdata._impure_ptr
                0x0000000000052264        0x4 c:/efinity/efinity-riscv-ide-2025.2/toolchain/bin/../lib/gcc/riscv-none-embed/8.3.0/../../../../riscv-none-embed/lib/rv32im/ilp32\libc.a(lib_a-impure.o)
                0x0000000000052264                _impure_ptr
 *(.gnu.linkonce.s.*)
                0x0000000000052268                . = ALIGN (0x8)
 *(.srodata.cst16)
 *(.srodata.cst8)
 *(.srodata.cst4)
 *(.srodata.cst2)
 *(.srodata .srodata.*)
 .srodata       0x0000000000052268        0x5 build/obj_files/main.o
                0x0000000000052277                . = (. + 0xa)
 *fill*         0x000000000005226d        0xa 
                0x0000000000052278                . = ALIGN (0x4)
                0x0000000000052278                PROVIDE (_edata = .)
                [!provide]                        PROVIDE (edata = .)
                [!provide]                        PROVIDE (_fbss = .)
                0x0000000000052278                PROVIDE (__bss_start = .)

.bss            0x0000000000052280      0x9ac
 *(.sbss*)
 .sbss          0x0000000000052280        0xc build/obj_files/intc.o
                0x0000000000052280                ds_index
                0x0000000000052284                flash_led_count
                0x0000000000052288                flash_led
 .sbss          0x000000000005228c        0x8 build/obj_files/main.o
                0x000000000005228c                last_overlay_type
                0x0000000000052290                swithCmdPtr
 .sbss.__malloc_max_sbrked_mem
                0x0000000000052294        0x4 c:/efinity/efinity-riscv-ide-2025.2/toolchain/bin/../lib/gcc/riscv-none-embed/8.3.0/../../../../riscv-none-embed/lib/rv32im/ilp32\libc.a(lib_a-mallocr.o)
                0x0000000000052294                __malloc_max_sbrked_mem
 .sbss.__malloc_max_total_mem
                0x0000000000052298        0x4 c:/efinity/efinity-riscv-ide-2025.2/toolchain/bin/../lib/gcc/riscv-none-embed/8.3.0/../../../../riscv-none-embed/lib/rv32im/ilp32\libc.a(lib_a-mallocr.o)
                0x0000000000052298                __malloc_max_total_mem
 .sbss.__malloc_top_pad
                0x000000000005229c        0x4 c:/efinity/efinity-riscv-ide-2025.2/toolchain/bin/../lib/gcc/riscv-none-embed/8.3.0/../../../../riscv-none-embed/lib/rv32im/ilp32\libc.a(lib_a-mallocr.o)
                0x000000000005229c                __malloc_top_pad
 .sbss.heap_end.1518
                0x00000000000522a0        0x4 c:/efinity/efinity-riscv-ide-2025.2/toolchain/bin/../lib/gcc/riscv-none-embed/8.3.0/../../../../riscv-none-embed/lib/rv32im/ilp32\libnosys.a(sbrk.o)
 *(.gnu.linkonce.sb.*)
 *(.bss .bss.*)
 .bss           0x00000000000522a4        0x0 build/obj_files/efx_mmc_driver.o
 .bss           0x00000000000522a4        0x0 build/obj_files/PiCamDriver.o
 .bss           0x00000000000522a4        0x0 build/obj_files/intc.o
 .bss           0x00000000000522a4        0x0 build/obj_files/main.o
 .bss           0x00000000000522a4        0x0 build/obj_files/common.o
 .bss           0x00000000000522a4        0x0 build/obj_files/sdhc_driver.o
 .bss           0x00000000000522a4        0x0 build/obj_files/IMX477_Driver.o
 .bss           0x00000000000522a4        0x0 build/obj_files/GMSL_SerDes.o
 .bss           0x00000000000522a4        0x0 build/obj_files/dma_video_stream.o
 .bss           0x00000000000522a4        0x0 build/obj_files/start.o
 .bss           0x00000000000522a4        0x0 build/obj_files/trap.o
 .bss           0x00000000000522a4        0x0 c:/efinity/efinity-riscv-ide-2025.2/toolchain/bin/../lib/gcc/riscv-none-embed/8.3.0/../../../../riscv-none-embed/lib/rv32im/ilp32\libc.a(lib_a-init.o)
 .bss           0x00000000000522a4        0x0 c:/efinity/efinity-riscv-ide-2025.2/toolchain/bin/../lib/gcc/riscv-none-embed/8.3.0/../../../../riscv-none-embed/lib/rv32im/ilp32\libc.a(lib_a-malloc.o)
 .bss           0x00000000000522a4        0x0 c:/efinity/efinity-riscv-ide-2025.2/toolchain/bin/../lib/gcc/riscv-none-embed/8.3.0/../../../../riscv-none-embed/lib/rv32im/ilp32\libc.a(lib_a-mallocr.o)
 .bss.__malloc_current_mallinfo
                0x00000000000522a4       0x28 c:/efinity/efinity-riscv-ide-2025.2/toolchain/bin/../lib/gcc/riscv-none-embed/8.3.0/../../../../riscv-none-embed/lib/rv32im/ilp32\libc.a(lib_a-mallocr.o)
                0x00000000000522a4                __malloc_current_mallinfo
 .bss           0x00000000000522cc        0x0 c:/efinity/efinity-riscv-ide-2025.2/toolchain/bin/../lib/gcc/riscv-none-embed/8.3.0/../../../../riscv-none-embed/lib/rv32im/ilp32\libc.a(lib_a-memcmp.o)
 .bss           0x00000000000522cc        0x0 c:/efinity/efinity-riscv-ide-2025.2/toolchain/bin/../lib/gcc/riscv-none-embed/8.3.0/../../../../riscv-none-embed/lib/rv32im/ilp32\libc.a(lib_a-memset.o)
 .bss           0x00000000000522cc        0x0 c:/efinity/efinity-riscv-ide-2025.2/toolchain/bin/../lib/gcc/riscv-none-embed/8.3.0/../../../../riscv-none-embed/lib/rv32im/ilp32\libc.a(lib_a-mlock.o)
 .bss           0x00000000000522cc        0x0 c:/efinity/efinity-riscv-ide-2025.2/toolchain/bin/../lib/gcc/riscv-none-embed/8.3.0/../../../../riscv-none-embed/lib/rv32im/ilp32\libc.a(lib_a-rand.o)
 .bss           0x00000000000522cc        0x0 c:/efinity/efinity-riscv-ide-2025.2/toolchain/bin/../lib/gcc/riscv-none-embed/8.3.0/../../../../riscv-none-embed/lib/rv32im/ilp32\libc.a(lib_a-sbrkr.o)
 .bss           0x00000000000522cc        0x0 c:/efinity/efinity-riscv-ide-2025.2/toolchain/bin/../lib/gcc/riscv-none-embed/8.3.0/../../../../riscv-none-embed/lib/rv32im/ilp32\libc.a(lib_a-freer.o)
 .bss           0x00000000000522cc        0x0 c:/efinity/efinity-riscv-ide-2025.2/toolchain/bin/../lib/gcc/riscv-none-embed/8.3.0/../../../../riscv-none-embed/lib/rv32im/ilp32\libc.a(lib_a-impure.o)
 .bss           0x00000000000522cc        0x0 c:/efinity/efinity-riscv-ide-2025.2/toolchain/bin/../lib/gcc/riscv-none-embed/8.3.0/../../../../riscv-none-embed/lib/rv32im/ilp32\libc.a(lib_a-reent.o)
 .bss           0x00000000000522cc        0x0 c:/efinity/efinity-riscv-ide-2025.2/toolchain/bin/../lib/gcc/riscv-none-embed/8.3.0/rv32im/ilp32\libgcc.a(_udivdi3.o)
 .bss           0x00000000000522cc        0x0 c:/efinity/efinity-riscv-ide-2025.2/toolchain/bin/../lib/gcc/riscv-none-embed/8.3.0/rv32im/ilp32\libgcc.a(_clz.o)
 .bss           0x00000000000522cc        0x0 c:/efinity/efinity-riscv-ide-2025.2/toolchain/bin/../lib/gcc/riscv-none-embed/8.3.0/../../../../riscv-none-embed/lib/rv32im/ilp32\libnosys.a(sbrk.o)
 *(.gnu.linkonce.b.*)
 *(COMMON)
 COMMON         0x00000000000522cc      0x300 build/obj_files/efx_mmc_driver.o
                0x00000000000522cc                AttributeDescriptor
                0x00000000000523cc                DataDescriptor
                0x00000000000524cc                Descriptor
 COMMON         0x00000000000525cc       0x48 build/obj_files/intc.o
                0x00000000000525cc                dev
                0x00000000000525d0                flashled
                0x00000000000525d4                ChannelCount
                0x00000000000525e4                IntPtr
 *fill*         0x0000000000052614       0x2c 
 COMMON         0x0000000000052640      0x5e8 build/obj_files/main.o
                0x0000000000052640                camStatus
                0x0000000000052680                input_descriptor
                0x0000000000052b80                framebuffer_ptr
                0x0000000000052ba8                cs_descriptor_csi_RX
                0x0000000000052be8                cs_descriptor_csi_TX
 COMMON         0x0000000000052c28        0x4 c:/efinity/efinity-riscv-ide-2025.2/toolchain/bin/../lib/gcc/riscv-none-embed/8.3.0/../../../../riscv-none-embed/lib/rv32im/ilp32\libc.a(lib_a-reent.o)
                0x0000000000052c28                errno
                0x0000000000052c2c                . = ALIGN (0x4)
                0x0000000000052c30                . = ALIGN (0x8)
                0x0000000000052c30                PROVIDE (_end = .)
                0x0000000000052c30                PROVIDE (end = .)

.stack          0x0000000000052c30     0x1000
                [!provide]                        PROVIDE (_heap_end = .)
                0x0000000000001000                . = __stack_size
 *fill*         0x0000000000052c30     0x1000 
                0x0000000000053c30                PROVIDE (_sp = .)
                0x0000000000053c30                __freertos_irq_stack_top = .
LOAD c:/efinity/efinity-riscv-ide-2025.2/toolchain/bin/../lib/gcc/riscv-none-embed/8.3.0/../../../../riscv-none-embed/lib/rv32im/ilp32\libm.a
LOAD c:/efinity/efinity-riscv-ide-2025.2/toolchain/bin/../lib/gcc/riscv-none-embed/8.3.0/rv32im/ilp32\libgcc.a
START GROUP
LOAD c:/efinity/efinity-riscv-ide-2025.2/toolchain/bin/../lib/gcc/riscv-none-embed/8.3.0/rv32im/ilp32\libgcc.a
LOAD c:/efinity/efinity-riscv-ide-2025.2/toolchain/bin/../lib/gcc/riscv-none-embed/8.3.0/../../../../riscv-none-embed/lib/rv32im/ilp32\libg.a
LOAD c:/efinity/efinity-riscv-ide-2025.2/toolchain/bin/../lib/gcc/riscv-none-embed/8.3.0/../../../../riscv-none-embed/lib/rv32im/ilp32\libc.a
END GROUP
LOAD c:/efinity/efinity-riscv-ide-2025.2/toolchain/bin/../lib/gcc/riscv-none-embed/8.3.0/rv32im/ilp32\libgcc.a
START GROUP
LOAD c:/efinity/efinity-riscv-ide-2025.2/toolchain/bin/../lib/gcc/riscv-none-embed/8.3.0/rv32im/ilp32\libgcc.a
LOAD c:/efinity/efinity-riscv-ide-2025.2/toolchain/bin/../lib/gcc/riscv-none-embed/8.3.0/../../../../riscv-none-embed/lib/rv32im/ilp32\libc.a
LOAD c:/efinity/efinity-riscv-ide-2025.2/toolchain/bin/../lib/gcc/riscv-none-embed/8.3.0/../../../../riscv-none-embed/lib/rv32im/ilp32\libnosys.a
END GROUP
OUTPUT(build/efx-gmsl-video-grabber-hdmi.elf elf32-littleriscv)

.debug_info     0x0000000000000000    0x11ffe
 .debug_info    0x0000000000000000     0x1941 build/obj_files/efx_mmc_driver.o
 .debug_info    0x0000000000001941     0x210e build/obj_files/PiCamDriver.o
 .debug_info    0x0000000000003a4f     0x1cbc build/obj_files/intc.o
 .debug_info    0x000000000000570b     0x3206 build/obj_files/main.o
 .debug_info    0x0000000000008911      0xc86 build/obj_files/common.o
 .debug_info    0x0000000000009597     0x1cc0 build/obj_files/sdhc_driver.o
 .debug_info    0x000000000000b257     0x2674 build/obj_files/IMX477_Driver.o
 .debug_info    0x000000000000d8cb     0x1b21 build/obj_files/GMSL_SerDes.o
 .debug_info    0x000000000000f3ec     0x2bc6 build/obj_files/dma_video_stream.o
 .debug_info    0x0000000000011fb2       0x26 build/obj_files/start.o
 .debug_info    0x0000000000011fd8       0x26 build/obj_files/trap.o

.debug_abbrev   0x0000000000000000     0x2846
 .debug_abbrev  0x0000000000000000      0x45a build/obj_files/efx_mmc_driver.o
 .debug_abbrev  0x000000000000045a      0x3f8 build/obj_files/PiCamDriver.o
 .debug_abbrev  0x0000000000000852      0x4e3 build/obj_files/intc.o
 .debug_abbrev  0x0000000000000d35      0x552 build/obj_files/main.o
 .debug_abbrev  0x0000000000001287      0x32f build/obj_files/common.o
 .debug_abbrev  0x00000000000015b6      0x4c3 build/obj_files/sdhc_driver.o
 .debug_abbrev  0x0000000000001a79      0x4c9 build/obj_files/IMX477_Driver.o
 .debug_abbrev  0x0000000000001f42      0x407 build/obj_files/GMSL_SerDes.o
 .debug_abbrev  0x0000000000002349      0x4d5 build/obj_files/dma_video_stream.o
 .debug_abbrev  0x000000000000281e       0x14 build/obj_files/start.o
 .debug_abbrev  0x0000000000002832       0x14 build/obj_files/trap.o

.debug_loc      0x0000000000000000     0x6145
 .debug_loc     0x0000000000000000      0x98d build/obj_files/efx_mmc_driver.o
 .debug_loc     0x000000000000098d      0x8be build/obj_files/PiCamDriver.o
 .debug_loc     0x000000000000124b      0x68c build/obj_files/intc.o
 .debug_loc     0x00000000000018d7     0x1032 build/obj_files/main.o
 .debug_loc     0x0000000000002909      0x22e build/obj_files/common.o
 .debug_loc     0x0000000000002b37      0xc19 build/obj_files/sdhc_driver.o
 .debug_loc     0x0000000000003750      0x8c0 build/obj_files/IMX477_Driver.o
 .debug_loc     0x0000000000004010      0x959 build/obj_files/GMSL_SerDes.o
 .debug_loc     0x0000000000004969     0x17dc build/obj_files/dma_video_stream.o

.debug_aranges  0x0000000000000000      0x160
 .debug_aranges
                0x0000000000000000       0x20 build/obj_files/efx_mmc_driver.o
 .debug_aranges
                0x0000000000000020       0x20 build/obj_files/PiCamDriver.o
 .debug_aranges
                0x0000000000000040       0x20 build/obj_files/intc.o
 .debug_aranges
                0x0000000000000060       0x20 build/obj_files/main.o
 .debug_aranges
                0x0000000000000080       0x20 build/obj_files/common.o
 .debug_aranges
                0x00000000000000a0       0x20 build/obj_files/sdhc_driver.o
 .debug_aranges
                0x00000000000000c0       0x20 build/obj_files/IMX477_Driver.o
 .debug_aranges
                0x00000000000000e0       0x20 build/obj_files/GMSL_SerDes.o
 .debug_aranges
                0x0000000000000100       0x20 build/obj_files/dma_video_stream.o
 .debug_aranges
                0x0000000000000120       0x20 build/obj_files/start.o
 .debug_aranges
                0x0000000000000140       0x20 build/obj_files/trap.o

.debug_ranges   0x0000000000000000       0xd0
 .debug_ranges  0x0000000000000000       0x30 build/obj_files/efx_mmc_driver.o
 .debug_ranges  0x0000000000000030       0x18 build/obj_files/main.o
 .debug_ranges  0x0000000000000048       0x18 build/obj_files/sdhc_driver.o
 .debug_ranges  0x0000000000000060       0x18 build/obj_files/IMX477_Driver.o
 .debug_ranges  0x0000000000000078       0x58 build/obj_files/dma_video_stream.o

.debug_macro    0x0000000000000000     0x50a7
 .debug_macro   0x0000000000000000      0x2e0 build/obj_files/efx_mmc_driver.o
 .debug_macro   0x00000000000002e0      0x760 build/obj_files/efx_mmc_driver.o
 .debug_macro   0x0000000000000a40      0x202 build/obj_files/efx_mmc_driver.o
 .debug_macro   0x0000000000000c42       0x22 build/obj_files/efx_mmc_driver.o
 .debug_macro   0x0000000000000c64       0x8e build/obj_files/efx_mmc_driver.o
 .debug_macro   0x0000000000000cf2       0x51 build/obj_files/efx_mmc_driver.o
 .debug_macro   0x0000000000000d43      0x103 build/obj_files/efx_mmc_driver.o
 .debug_macro   0x0000000000000e46       0x6a build/obj_files/efx_mmc_driver.o
 .debug_macro   0x0000000000000eb0      0x1df build/obj_files/efx_mmc_driver.o
 .debug_macro   0x000000000000108f       0xc4 build/obj_files/efx_mmc_driver.o
 .debug_macro   0x0000000000001153       0x10 build/obj_files/efx_mmc_driver.o
 .debug_macro   0x0000000000001163       0x1c build/obj_files/efx_mmc_driver.o
 .debug_macro   0x000000000000117f       0x16 build/obj_files/efx_mmc_driver.o
 .debug_macro   0x0000000000001195      0x1d7 build/obj_files/efx_mmc_driver.o
 .debug_macro   0x000000000000136c       0x1c build/obj_files/efx_mmc_driver.o
 .debug_macro   0x0000000000001388       0x70 build/obj_files/efx_mmc_driver.o
 .debug_macro   0x00000000000013f8       0x58 build/obj_files/efx_mmc_driver.o
 .debug_macro   0x0000000000001450       0x19 build/obj_files/efx_mmc_driver.o
 .debug_macro   0x0000000000001469       0x52 build/obj_files/efx_mmc_driver.o
 .debug_macro   0x00000000000014bb       0x34 build/obj_files/efx_mmc_driver.o
 .debug_macro   0x00000000000014ef       0x34 build/obj_files/efx_mmc_driver.o
 .debug_macro   0x0000000000001523       0x16 build/obj_files/efx_mmc_driver.o
 .debug_macro   0x0000000000001539      0x10e build/obj_files/efx_mmc_driver.o
 .debug_macro   0x0000000000001647       0x8d build/obj_files/efx_mmc_driver.o
 .debug_macro   0x00000000000016d4       0x16 build/obj_files/efx_mmc_driver.o
 .debug_macro   0x00000000000016ea       0x43 build/obj_files/efx_mmc_driver.o
 .debug_macro   0x000000000000172d       0x34 build/obj_files/efx_mmc_driver.o
 .debug_macro   0x0000000000001761       0x10 build/obj_files/efx_mmc_driver.o
 .debug_macro   0x0000000000001771       0x52 build/obj_files/efx_mmc_driver.o
 .debug_macro   0x00000000000017c3      0x182 build/obj_files/efx_mmc_driver.o
 .debug_macro   0x0000000000001945      0x339 build/obj_files/efx_mmc_driver.o
 .debug_macro   0x0000000000001c7e       0x16 build/obj_files/efx_mmc_driver.o
 .debug_macro   0x0000000000001c94       0x29 build/obj_files/efx_mmc_driver.o
 .debug_macro   0x0000000000001cbd      0x1a9 build/obj_files/efx_mmc_driver.o
 .debug_macro   0x0000000000001e66       0x16 build/obj_files/efx_mmc_driver.o
 .debug_macro   0x0000000000001e7c       0x35 build/obj_files/efx_mmc_driver.o
 .debug_macro   0x0000000000001eb1       0x94 build/obj_files/efx_mmc_driver.o
 .debug_macro   0x0000000000001f45      0x291 build/obj_files/efx_mmc_driver.o
 .debug_macro   0x00000000000021d6      0x1c0 build/obj_files/efx_mmc_driver.o
 .debug_macro   0x0000000000002396       0xb8 build/obj_files/efx_mmc_driver.o
 .debug_macro   0x000000000000244e       0x1c build/obj_files/efx_mmc_driver.o
 .debug_macro   0x000000000000246a       0x10 build/obj_files/efx_mmc_driver.o
 .debug_macro   0x000000000000247a       0x1c build/obj_files/efx_mmc_driver.o
 .debug_macro   0x0000000000002496       0x52 build/obj_files/efx_mmc_driver.o
 .debug_macro   0x00000000000024e8       0x40 build/obj_files/efx_mmc_driver.o
 .debug_macro   0x0000000000002528       0x10 build/obj_files/efx_mmc_driver.o
 .debug_macro   0x0000000000002538       0x40 build/obj_files/efx_mmc_driver.o
 .debug_macro   0x0000000000002578       0xd5 build/obj_files/efx_mmc_driver.o
 .debug_macro   0x000000000000264d       0x1c build/obj_files/efx_mmc_driver.o
 .debug_macro   0x0000000000002669       0x3d build/obj_files/efx_mmc_driver.o
 .debug_macro   0x00000000000026a6       0x16 build/obj_files/efx_mmc_driver.o
 .debug_macro   0x00000000000026bc      0x16f build/obj_files/efx_mmc_driver.o
 .debug_macro   0x000000000000282b       0x2e build/obj_files/efx_mmc_driver.o
 .debug_macro   0x0000000000002859       0xee build/obj_files/efx_mmc_driver.o
 .debug_macro   0x0000000000002947      0x202 build/obj_files/PiCamDriver.o
 .debug_macro   0x0000000000002b49      0x161 build/obj_files/PiCamDriver.o
 .debug_macro   0x0000000000002caa      0x92a build/obj_files/PiCamDriver.o
 .debug_macro   0x00000000000035d4      0x220 build/obj_files/intc.o
 .debug_macro   0x00000000000037f4      0x2ea build/obj_files/main.o
 .debug_macro   0x0000000000003ade      0x924 build/obj_files/main.o
 .debug_macro   0x0000000000004402      0x15a build/obj_files/main.o
 .debug_macro   0x000000000000455c       0xb8 build/obj_files/main.o
 .debug_macro   0x0000000000004614      0x1d2 build/obj_files/common.o
 .debug_macro   0x00000000000047e6      0x1fc build/obj_files/sdhc_driver.o
 .debug_macro   0x00000000000049e2       0xbe build/obj_files/sdhc_driver.o
 .debug_macro   0x0000000000004aa0      0x202 build/obj_files/IMX477_Driver.o
 .debug_macro   0x0000000000004ca2      0x1fc build/obj_files/GMSL_SerDes.o
 .debug_macro   0x0000000000004e9e      0x209 build/obj_files/dma_video_stream.o

.debug_line     0x0000000000000000     0xb13f
 .debug_line    0x0000000000000000     0x1779 build/obj_files/efx_mmc_driver.o
 .debug_line    0x0000000000001779      0xd55 build/obj_files/PiCamDriver.o
 .debug_line    0x00000000000024ce      0xf35 build/obj_files/intc.o
 .debug_line    0x0000000000003403     0x2227 build/obj_files/main.o
 .debug_line    0x000000000000562a      0x5de build/obj_files/common.o
 .debug_line    0x0000000000005c08     0x1265 build/obj_files/sdhc_driver.o
 .debug_line    0x0000000000006e6d     0x104a build/obj_files/IMX477_Driver.o
 .debug_line    0x0000000000007eb7      0xd6f build/obj_files/GMSL_SerDes.o
 .debug_line    0x0000000000008c26     0x234e build/obj_files/dma_video_stream.o
 .debug_line    0x000000000000af74       0xba build/obj_files/start.o
 .debug_line    0x000000000000b02e      0x111 build/obj_files/trap.o

.debug_str      0x0000000000000000    0x1087e
 .debug_str     0x0000000000000000     0xbf8f build/obj_files/efx_mmc_driver.o
                                       0xc2c3 (size before relaxing)
 .debug_str     0x000000000000bf8f     0x2b2b build/obj_files/PiCamDriver.o
                                       0xc508 (size before relaxing)
 .debug_str     0x000000000000eaba      0x212 build/obj_files/intc.o
                                       0xb11a (size before relaxing)
 .debug_str     0x000000000000eccc     0x148b build/obj_files/main.o
                                       0xeca2 (size before relaxing)
 .debug_str     0x0000000000010157       0x38 build/obj_files/common.o
                                       0x8c5f (size before relaxing)
 .debug_str     0x000000000001018f       0xd7 build/obj_files/sdhc_driver.o
                                       0xa8d2 (size before relaxing)
 .debug_str     0x0000000000010266      0x108 build/obj_files/IMX477_Driver.o
                                       0xaa08 (size before relaxing)
 .debug_str     0x000000000001036e       0x68 build/obj_files/GMSL_SerDes.o
                                       0xa74b (size before relaxing)
 .debug_str     0x00000000000103d6      0x479 build/obj_files/dma_video_stream.o
                                       0xd008 (size before relaxing)
 .debug_str     0x000000000001084f       0x1e build/obj_files/start.o
                                         0xbb (size before relaxing)
 .debug_str     0x000000000001086d       0x11 build/obj_files/trap.o
                                         0xba (size before relaxing)

.comment        0x0000000000000000       0x33
 .comment       0x0000000000000000       0x33 build/obj_files/efx_mmc_driver.o
                                         0x34 (size before relaxing)
 .comment       0x0000000000000033       0x34 build/obj_files/PiCamDriver.o
 .comment       0x0000000000000033       0x34 build/obj_files/intc.o
 .comment       0x0000000000000033       0x34 build/obj_files/main.o
 .comment       0x0000000000000033       0x34 build/obj_files/common.o
 .comment       0x0000000000000033       0x34 build/obj_files/sdhc_driver.o
 .comment       0x0000000000000033       0x34 build/obj_files/IMX477_Driver.o
 .comment       0x0000000000000033       0x34 build/obj_files/GMSL_SerDes.o
 .comment       0x0000000000000033       0x34 build/obj_files/dma_video_stream.o

.debug_frame    0x0000000000000000     0x1a80
 .debug_frame   0x0000000000000000      0x1e0 build/obj_files/efx_mmc_driver.o
 .debug_frame   0x00000000000001e0      0x2c8 build/obj_files/PiCamDriver.o
 .debug_frame   0x00000000000004a8      0x234 build/obj_files/intc.o
 .debug_frame   0x00000000000006dc      0x3a8 build/obj_files/main.o
 .debug_frame   0x0000000000000a84      0x108 build/obj_files/common.o
 .debug_frame   0x0000000000000b8c      0x324 build/obj_files/sdhc_driver.o
 .debug_frame   0x0000000000000eb0      0x2e0 build/obj_files/IMX477_Driver.o
 .debug_frame   0x0000000000001190      0x1ac build/obj_files/GMSL_SerDes.o
 .debug_frame   0x000000000000133c      0x498 build/obj_files/dma_video_stream.o
 .debug_frame   0x00000000000017d4       0x3c c:/efinity/efinity-riscv-ide-2025.2/toolchain/bin/../lib/gcc/riscv-none-embed/8.3.0/../../../../riscv-none-embed/lib/rv32im/ilp32\libc.a(lib_a-init.o)
 .debug_frame   0x0000000000001810       0x30 c:/efinity/efinity-riscv-ide-2025.2/toolchain/bin/../lib/gcc/riscv-none-embed/8.3.0/../../../../riscv-none-embed/lib/rv32im/ilp32\libc.a(lib_a-malloc.o)
 .debug_frame   0x0000000000001840       0x58 c:/efinity/efinity-riscv-ide-2025.2/toolchain/bin/../lib/gcc/riscv-none-embed/8.3.0/../../../../riscv-none-embed/lib/rv32im/ilp32\libc.a(lib_a-mallocr.o)
 .debug_frame   0x0000000000001898       0x20 c:/efinity/efinity-riscv-ide-2025.2/toolchain/bin/../lib/gcc/riscv-none-embed/8.3.0/../../../../riscv-none-embed/lib/rv32im/ilp32\libc.a(lib_a-memcmp.o)
 .debug_frame   0x00000000000018b8       0x30 c:/efinity/efinity-riscv-ide-2025.2/toolchain/bin/../lib/gcc/riscv-none-embed/8.3.0/../../../../riscv-none-embed/lib/rv32im/ilp32\libc.a(lib_a-mlock.o)
 .debug_frame   0x00000000000018e8       0x30 c:/efinity/efinity-riscv-ide-2025.2/toolchain/bin/../lib/gcc/riscv-none-embed/8.3.0/../../../../riscv-none-embed/lib/rv32im/ilp32\libc.a(lib_a-rand.o)
 .debug_frame   0x0000000000001918       0x3c c:/efinity/efinity-riscv-ide-2025.2/toolchain/bin/../lib/gcc/riscv-none-embed/8.3.0/../../../../riscv-none-embed/lib/rv32im/ilp32\libc.a(lib_a-sbrkr.o)
 .debug_frame   0x0000000000001954       0x9c c:/efinity/efinity-riscv-ide-2025.2/toolchain/bin/../lib/gcc/riscv-none-embed/8.3.0/../../../../riscv-none-embed/lib/rv32im/ilp32\libc.a(lib_a-freer.o)
 .debug_frame   0x00000000000019f0       0x70 c:/efinity/efinity-riscv-ide-2025.2/toolchain/bin/../lib/gcc/riscv-none-embed/8.3.0/../../../../riscv-none-embed/lib/rv32im/ilp32\libc.a(lib_a-reent.o)
 .debug_frame   0x0000000000001a60       0x20 c:/efinity/efinity-riscv-ide-2025.2/toolchain/bin/../lib/gcc/riscv-none-embed/8.3.0/../../../../riscv-none-embed/lib/rv32im/ilp32\libnosys.a(sbrk.o)
