io_systemClk sampled by 
io_asyncReset sampled by 
io_memoryClk sampled by 
io_peripheralClk sampled by 
userInterruptA sampled by 
userInterruptC sampled by 
userInterruptB sampled by 
userInterruptD sampled by 
io_memoryReset clocked by io_memoryClk
io_peripheralReset clocked by io_peripheralClk
jtagCtrl_tck sampled by 
io_systemReset clocked by io_systemClk
io_ddrA_arw_valid clocked by io_memoryClk
io_ddrA_arw_ready sampled by io_memoryClk
io_ddrA_arw_payload_addr clocked by io_memoryClk
io_ddrA_arw_payload_id clocked by io_memoryClk
io_ddrA_arw_payload_region clocked by io_memoryClk
io_ddrA_arw_payload_len clocked by io_memoryClk
io_ddrA_arw_payload_size clocked by io_memoryClk
io_ddrA_arw_payload_burst clocked by io_memoryClk
io_ddrA_arw_payload_lock clocked by io_memoryClk
io_ddrA_arw_payload_cache clocked by io_memoryClk
io_ddrA_arw_payload_qos clocked by io_memoryClk
io_ddrA_arw_payload_prot clocked by io_memoryClk
io_ddrA_arw_payload_write clocked by io_memoryClk
io_ddrA_w_valid clocked by io_memoryClk
io_ddrA_w_ready sampled by io_memoryClk
io_ddrA_w_payload_data clocked by io_memoryClk
io_ddrA_w_payload_strb clocked by io_memoryClk
io_ddrA_w_payload_last clocked by io_memoryClk
io_ddrA_b_valid sampled by io_memoryClk
io_ddrA_b_ready clocked by io_memoryClk
io_ddrA_b_payload_id sampled by io_memoryClk
io_ddrA_b_payload_resp sampled by io_memoryClk
io_ddrA_r_valid sampled by io_memoryClk
io_ddrA_r_ready clocked by io_memoryClk
io_ddrA_r_payload_data sampled by io_memoryClk
io_ddrA_r_payload_id sampled by io_memoryClk
io_ddrA_r_payload_resp sampled by io_memoryClk
io_ddrA_r_payload_last sampled by io_memoryClk
io_ddrA_w_payload_id clocked by io_memoryClk
io_ddrMasters_0_ar_valid sampled by io_ddrMasters_0_clk
io_ddrMasters_0_ar_ready clocked by io_ddrMasters_0_clk
io_ddrMasters_0_ar_payload_addr sampled by io_ddrMasters_0_clk
io_ddrMasters_0_ar_payload_id sampled by io_ddrMasters_0_clk
io_ddrMasters_0_ar_payload_region sampled by io_ddrMasters_0_clk
io_ddrMasters_0_ar_payload_len sampled by io_ddrMasters_0_clk
io_ddrMasters_0_ar_payload_size sampled by io_ddrMasters_0_clk
io_ddrMasters_0_ar_payload_burst sampled by io_ddrMasters_0_clk
io_ddrMasters_0_ar_payload_lock sampled by io_ddrMasters_0_clk
io_ddrMasters_0_ar_payload_cache sampled by io_ddrMasters_0_clk
io_ddrMasters_0_ar_payload_qos sampled by io_ddrMasters_0_clk
io_ddrMasters_0_ar_payload_prot sampled by io_ddrMasters_0_clk
io_ddrMasters_0_aw_valid sampled by io_ddrMasters_0_clk
io_ddrMasters_0_aw_ready clocked by io_ddrMasters_0_clk
io_ddrMasters_0_aw_payload_addr sampled by io_ddrMasters_0_clk
io_ddrMasters_0_aw_payload_id sampled by io_ddrMasters_0_clk
io_ddrMasters_0_aw_payload_region sampled by io_ddrMasters_0_clk
io_ddrMasters_0_aw_payload_len sampled by io_ddrMasters_0_clk
io_ddrMasters_0_aw_payload_size sampled by io_ddrMasters_0_clk
io_ddrMasters_0_aw_payload_burst sampled by io_ddrMasters_0_clk
io_ddrMasters_0_aw_payload_lock sampled by io_ddrMasters_0_clk
io_ddrMasters_0_aw_payload_cache sampled by io_ddrMasters_0_clk
io_ddrMasters_0_aw_payload_qos sampled by io_ddrMasters_0_clk
io_ddrMasters_0_aw_payload_prot sampled by io_ddrMasters_0_clk
io_ddrMasters_0_w_valid sampled by io_ddrMasters_0_clk
io_ddrMasters_0_w_ready clocked by io_ddrMasters_0_clk
io_ddrMasters_0_w_payload_data sampled by io_ddrMasters_0_clk
io_ddrMasters_0_w_payload_strb sampled by io_ddrMasters_0_clk
io_ddrMasters_0_w_payload_last sampled by io_ddrMasters_0_clk
io_ddrMasters_0_r_valid clocked by io_ddrMasters_0_clk
io_ddrMasters_0_r_ready sampled by io_ddrMasters_0_clk
io_ddrMasters_0_r_payload_data clocked by io_ddrMasters_0_clk
io_ddrMasters_0_r_payload_id clocked by io_ddrMasters_0_clk
io_ddrMasters_0_r_payload_resp clocked by io_ddrMasters_0_clk
io_ddrMasters_0_r_payload_last clocked by io_ddrMasters_0_clk
io_ddrMasters_0_b_valid clocked by io_ddrMasters_0_clk
io_ddrMasters_0_b_ready sampled by io_ddrMasters_0_clk
io_ddrMasters_0_b_payload_id clocked by io_ddrMasters_0_clk
io_ddrMasters_0_b_payload_resp clocked by io_ddrMasters_0_clk
io_ddrMasters_0_clk sampled by 
io_ddrMasters_0_reset clocked by io_ddrMasters_0_clk
system_uart_0_io_txd clocked by io_peripheralClk
system_uart_0_io_rxd sampled by 
system_gpio_0_io_read sampled by io_peripheralClk
system_gpio_0_io_write clocked by io_peripheralClk
system_gpio_0_io_writeEnable clocked by io_peripheralClk
io_apbSlave_0_PADDR clocked by io_peripheralClk
io_apbSlave_0_PSEL clocked by io_peripheralClk
io_apbSlave_0_PENABLE clocked by io_peripheralClk
io_apbSlave_0_PREADY sampled by io_peripheralClk
io_apbSlave_0_PWRITE clocked by io_peripheralClk
io_apbSlave_0_PWDATA clocked by io_peripheralClk
io_apbSlave_0_PRDATA sampled by io_peripheralClk
io_apbSlave_0_PSLVERROR sampled by io_peripheralClk
system_spi_0_io_sclk_write clocked by io_peripheralClk
system_spi_0_io_data_0_writeEnable clocked by io_peripheralClk
system_spi_0_io_data_0_read sampled by io_peripheralClk
system_spi_0_io_data_0_write clocked by io_peripheralClk
system_spi_0_io_data_1_writeEnable clocked by io_peripheralClk
system_spi_0_io_data_1_read sampled by io_peripheralClk
system_spi_0_io_data_1_write clocked by io_peripheralClk
system_spi_0_io_data_2_writeEnable clocked by io_peripheralClk
system_spi_0_io_data_2_read sampled by io_peripheralClk
system_spi_0_io_data_2_write clocked by io_peripheralClk
system_spi_0_io_data_3_writeEnable clocked by io_peripheralClk
system_spi_0_io_data_3_read sampled by io_peripheralClk
system_spi_0_io_data_3_write clocked by io_peripheralClk
system_spi_0_io_ss clocked by io_peripheralClk
jtagCtrl_tdi sampled by jtagCtrl_tck
jtagCtrl_enable sampled by jtagCtrl_tck
jtagCtrl_capture sampled by jtagCtrl_tck
jtagCtrl_shift sampled by jtagCtrl_tck
jtagCtrl_update sampled by jtagCtrl_tck
jtagCtrl_reset sampled by jtagCtrl_tck
jtagCtrl_tdo clocked by jtagCtrl_tck
