Archive member included to satisfy reference by file (symbol)

c:/efinity/efinity-riscv-ide-2025.1/toolchain/bin/../lib/gcc/riscv-none-embed/8.3.0/../../../../riscv-none-embed/lib/rv32imafdc/ilp32d\libc.a(lib_a-init.o)
                              build/obj_files/start.o (__libc_init_array)

Discarded input sections

 .group         0x0000000000000000        0xc build/obj_files/main.o
 .group         0x0000000000000000        0xc build/obj_files/main.o
 .group         0x0000000000000000        0xc build/obj_files/main.o
 .group         0x0000000000000000        0xc build/obj_files/main.o
 .group         0x0000000000000000        0xc build/obj_files/main.o
 .group         0x0000000000000000        0xc build/obj_files/main.o
 .group         0x0000000000000000        0xc build/obj_files/main.o
 .group         0x0000000000000000        0xc build/obj_files/main.o
 .group         0x0000000000000000        0xc build/obj_files/main.o
 .group         0x0000000000000000        0xc build/obj_files/main.o
 .group         0x0000000000000000        0xc build/obj_files/main.o
 .group         0x0000000000000000        0xc build/obj_files/main.o
 .group         0x0000000000000000        0xc build/obj_files/main.o
 .group         0x0000000000000000        0xc build/obj_files/main.o
 .group         0x0000000000000000        0xc build/obj_files/main.o
 .group         0x0000000000000000        0xc build/obj_files/main.o
 .group         0x0000000000000000        0xc build/obj_files/main.o
 .group         0x0000000000000000        0xc build/obj_files/main.o
 .group         0x0000000000000000        0xc build/obj_files/main.o
 .group         0x0000000000000000        0xc build/obj_files/main.o
 .group         0x0000000000000000        0xc build/obj_files/main.o
 .group         0x0000000000000000        0xc build/obj_files/main.o
 .group         0x0000000000000000        0xc build/obj_files/main.o
 .group         0x0000000000000000        0xc build/obj_files/main.o
 .group         0x0000000000000000        0xc build/obj_files/main.o
 .group         0x0000000000000000        0xc build/obj_files/main.o
 .group         0x0000000000000000        0xc build/obj_files/main.o
 .group         0x0000000000000000        0xc build/obj_files/main.o
 .group         0x0000000000000000        0xc build/obj_files/main.o
 .group         0x0000000000000000        0xc build/obj_files/main.o
 .group         0x0000000000000000        0xc build/obj_files/main.o
 .group         0x0000000000000000        0xc build/obj_files/main.o
 .group         0x0000000000000000        0xc build/obj_files/main.o
 .group         0x0000000000000000        0xc build/obj_files/main.o
 .group         0x0000000000000000        0xc build/obj_files/main.o
 .group         0x0000000000000000        0xc build/obj_files/main.o
 .group         0x0000000000000000        0xc build/obj_files/main.o
 .group         0x0000000000000000        0xc build/obj_files/main.o
 .group         0x0000000000000000        0xc build/obj_files/main.o

Memory Configuration

Name             Origin             Length             Attributes
ram              0x00000000f9000000 0x0000000000004000 axwl !r
*default*        0x0000000000000000 0xffffffffffffffff

Linker script and memory map

LOAD build/obj_files/main.o
LOAD build/obj_files/start.o
LOAD c:/efinity/efinity-riscv-ide-2025.1/toolchain/bin/../lib/gcc/riscv-none-embed/8.3.0/../../../../riscv-none-embed/lib/rv32imafdc/ilp32d\libc.a
LOAD c:/efinity/efinity-riscv-ide-2025.1/toolchain/bin/../lib/gcc/riscv-none-embed/8.3.0/rv32imafdc/ilp32d\libgcc.a
                0x0000000000000100                __stack_size = DEFINED (__stack_size)?__stack_size:0x100

.init           0x00000000f9000000       0x7e
 *(SORT_NONE(.init))
 .init          0x00000000f9000000       0x7e build/obj_files/start.o
                0x00000000f9000000                _start
                0x00000000f9000012                smp_slave
                0x00000000f900002c                smp_unlock
                0x00000000f900007c                _init

.text           0x00000000f900007e      0x3b6
 *(.text.unlikely .text.unlikely.*)
 *(.text.startup .text.startup.*)
 *(.text .text.*)
 .text          0x00000000f900007e      0x35c build/obj_files/main.o
                0x00000000f9000390                bspMain
                0x00000000f90003cc                main
 .text          0x00000000f90003da        0x0 build/obj_files/start.o
 .text          0x00000000f90003da        0x0 c:/efinity/efinity-riscv-ide-2025.1/toolchain/bin/../lib/gcc/riscv-none-embed/8.3.0/../../../../riscv-none-embed/lib/rv32imafdc/ilp32d\libc.a(lib_a-init.o)
 .text.__libc_init_array
                0x00000000f90003da       0x5a c:/efinity/efinity-riscv-ide-2025.1/toolchain/bin/../lib/gcc/riscv-none-embed/8.3.0/../../../../riscv-none-embed/lib/rv32imafdc/ilp32d\libc.a(lib_a-init.o)
                0x00000000f90003da                __libc_init_array
 *(.gnu.linkonce.t.*)
 *(.note.gnu.build-id)

.rela.dyn       0x00000000f9000434        0x0
 .rela.init     0x00000000f9000434        0x0 build/obj_files/main.o
 .rela.text.__libc_init_array
                0x00000000f9000434        0x0 build/obj_files/main.o

.fini
 *(SORT_NONE(.fini))
                [!provide]                        PROVIDE (__etext = .)
                [!provide]                        PROVIDE (_etext = .)
                [!provide]                        PROVIDE (etext = .)
                0x00000000f9000434                . = ALIGN (0x4)

.preinit_array  0x00000000f9000434        0x0
                0x00000000f9000434                PROVIDE (__preinit_array_start = .)
 *(.preinit_array)
                0x00000000f9000434                PROVIDE (__preinit_array_end = .)

.init_array     0x00000000f9000434        0x0
                0x00000000f9000434                PROVIDE (__init_array_start = .)
 *(SORT_BY_INIT_PRIORITY(.init_array.*) SORT_BY_INIT_PRIORITY(.ctors.*))
 *(.init_array EXCLUDE_FILE(*crtend?.o *crtend.o *crtbegin?.o *crtbegin.o) .ctors)
                0x00000000f9000434                PROVIDE (__init_array_end = .)

.fini_array     0x00000000f9000434        0x0
                [!provide]                        PROVIDE (__fini_array_start = .)
 *(SORT_BY_INIT_PRIORITY(.fini_array.*) SORT_BY_INIT_PRIORITY(.dtors.*))
 *(.fini_array EXCLUDE_FILE(*crtend?.o *crtend.o *crtbegin?.o *crtbegin.o) .dtors)
                [!provide]                        PROVIDE (__fini_array_end = .)

.ctors
 *crtbegin.o(.ctors)
 *crtbegin?.o(.ctors)
 *(EXCLUDE_FILE(*crtend?.o *crtend.o) .ctors)
 *(SORT_BY_NAME(.ctors.*))
 *(.ctors)

.dtors
 *crtbegin.o(.dtors)
 *crtbegin?.o(.dtors)
 *(EXCLUDE_FILE(*crtend?.o *crtend.o) .dtors)
 *(SORT_BY_NAME(.dtors.*))
 *(.dtors)

.lalign         0x00000000f9000434        0x0
                0x00000000f9000434                PROVIDE (_data_lma = .)

.dalign         0x00000000f9000434        0x0
                0x00000000f9000434                PROVIDE (_data = .)

.data           0x00000000f9000434        0xe
 *(.rdata)
 *(.rodata .rodata.*)
 *(.gnu.linkonce.r.*)
 *(.data .data.*)
 .data          0x00000000f9000434        0x0 build/obj_files/main.o
 .data          0x00000000f9000434        0x0 build/obj_files/start.o
 .data          0x00000000f9000434        0x0 c:/efinity/efinity-riscv-ide-2025.1/toolchain/bin/../lib/gcc/riscv-none-embed/8.3.0/../../../../riscv-none-embed/lib/rv32imafdc/ilp32d\libc.a(lib_a-init.o)
 *(.gnu.linkonce.d.*)
                0x00000000f9000438                . = ALIGN (0x8)
 *fill*         0x00000000f9000434        0x4 
                0x00000000f9000c28                PROVIDE (__global_pointer$ = (. + 0x7f0))
 *(.sdata .sdata.*)
 *(.gnu.linkonce.s.*)
                0x00000000f9000438                . = ALIGN (0x8)
 *(.srodata.cst16)
 *(.srodata.cst8)
 *(.srodata.cst4)
 *(.srodata.cst2)
 *(.srodata .srodata.*)
                0x00000000f9000442                . = (. + 0xa)
 *fill*         0x00000000f9000438        0xa 
                0x00000000f9000444                . = ALIGN (0x4)
                0x00000000f9000444                PROVIDE (_edata = .)
                [!provide]                        PROVIDE (edata = .)
                [!provide]                        PROVIDE (_fbss = .)
                0x00000000f9000444                PROVIDE (__bss_start = .)

.bss            0x00000000f9000444        0x8
 *(.sbss*)
 *(.gnu.linkonce.sb.*)
 *(.bss .bss.*)
 .bss           0x00000000f9000444        0x0 build/obj_files/main.o
 .bss           0x00000000f9000444        0x8 build/obj_files/start.o
                0x00000000f9000444                smp_lottery_target
                0x00000000f9000448                smp_lottery_lock
 .bss           0x00000000f900044c        0x0 c:/efinity/efinity-riscv-ide-2025.1/toolchain/bin/../lib/gcc/riscv-none-embed/8.3.0/../../../../riscv-none-embed/lib/rv32imafdc/ilp32d\libc.a(lib_a-init.o)
 *(.gnu.linkonce.b.*)
 *(COMMON)
                0x00000000f900044c                . = ALIGN (0x4)
                0x00000000f9000450                . = ALIGN (0x8)
                0x00000000f9000450                PROVIDE (_end = .)
                [!provide]                        PROVIDE (end = .)

.stack          0x00000000f9000450      0x100
                [!provide]                        PROVIDE (_heap_end = .)
                0x0000000000000100                . = __stack_size
 *fill*         0x00000000f9000450      0x100 
                0x00000000f9000550                PROVIDE (_sp = .)
LOAD c:/efinity/efinity-riscv-ide-2025.1/toolchain/bin/../lib/gcc/riscv-none-embed/8.3.0/../../../../riscv-none-embed/lib/rv32imafdc/ilp32d\libm.a
LOAD c:/efinity/efinity-riscv-ide-2025.1/toolchain/bin/../lib/gcc/riscv-none-embed/8.3.0/rv32imafdc/ilp32d\libgcc.a
START GROUP
LOAD c:/efinity/efinity-riscv-ide-2025.1/toolchain/bin/../lib/gcc/riscv-none-embed/8.3.0/rv32imafdc/ilp32d\libgcc.a
LOAD c:/efinity/efinity-riscv-ide-2025.1/toolchain/bin/../lib/gcc/riscv-none-embed/8.3.0/../../../../riscv-none-embed/lib/rv32imafdc/ilp32d\libg.a
LOAD c:/efinity/efinity-riscv-ide-2025.1/toolchain/bin/../lib/gcc/riscv-none-embed/8.3.0/../../../../riscv-none-embed/lib/rv32imafdc/ilp32d\libc.a
END GROUP
LOAD c:/efinity/efinity-riscv-ide-2025.1/toolchain/bin/../lib/gcc/riscv-none-embed/8.3.0/rv32imafdc/ilp32d\libgcc.a
START GROUP
LOAD c:/efinity/efinity-riscv-ide-2025.1/toolchain/bin/../lib/gcc/riscv-none-embed/8.3.0/rv32imafdc/ilp32d\libgcc.a
LOAD c:/efinity/efinity-riscv-ide-2025.1/toolchain/bin/../lib/gcc/riscv-none-embed/8.3.0/../../../../riscv-none-embed/lib/rv32imafdc/ilp32d\libc.a
LOAD c:/efinity/efinity-riscv-ide-2025.1/toolchain/bin/../lib/gcc/riscv-none-embed/8.3.0/../../../../riscv-none-embed/lib/rv32imafdc/ilp32d\libnosys.a
END GROUP
OUTPUT(build/bootloader.elf elf32-littleriscv)

.debug_info     0x0000000000000000     0x1879
 .debug_info    0x0000000000000000     0x1853 build/obj_files/main.o
 .debug_info    0x0000000000001853       0x26 build/obj_files/start.o

.debug_abbrev   0x0000000000000000      0x4ae
 .debug_abbrev  0x0000000000000000      0x49a build/obj_files/main.o
 .debug_abbrev  0x000000000000049a       0x14 build/obj_files/start.o

.debug_loc      0x0000000000000000      0x8fe
 .debug_loc     0x0000000000000000      0x8fe build/obj_files/main.o

.debug_aranges  0x0000000000000000       0x40
 .debug_aranges
                0x0000000000000000       0x20 build/obj_files/main.o
 .debug_aranges
                0x0000000000000020       0x20 build/obj_files/start.o

.debug_ranges   0x0000000000000000       0x18
 .debug_ranges  0x0000000000000000       0x18 build/obj_files/main.o

.debug_macro    0x0000000000000000     0x20b9
 .debug_macro   0x0000000000000000      0x1f0 build/obj_files/main.o
 .debug_macro   0x00000000000001f0      0x796 build/obj_files/main.o
 .debug_macro   0x0000000000000986       0x22 build/obj_files/main.o
 .debug_macro   0x00000000000009a8       0x8e build/obj_files/main.o
 .debug_macro   0x0000000000000a36       0x51 build/obj_files/main.o
 .debug_macro   0x0000000000000a87      0x103 build/obj_files/main.o
 .debug_macro   0x0000000000000b8a       0x6a build/obj_files/main.o
 .debug_macro   0x0000000000000bf4      0x1df build/obj_files/main.o
 .debug_macro   0x0000000000000dd3       0xc4 build/obj_files/main.o
 .debug_macro   0x0000000000000e97      0x376 build/obj_files/main.o
 .debug_macro   0x000000000000120d       0x10 build/obj_files/main.o
 .debug_macro   0x000000000000121d       0x1c build/obj_files/main.o
 .debug_macro   0x0000000000001239       0x16 build/obj_files/main.o
 .debug_macro   0x000000000000124f      0x1d7 build/obj_files/main.o
 .debug_macro   0x0000000000001426       0x1c build/obj_files/main.o
 .debug_macro   0x0000000000001442       0x82 build/obj_files/main.o
 .debug_macro   0x00000000000014c4       0x58 build/obj_files/main.o
 .debug_macro   0x000000000000151c       0x19 build/obj_files/main.o
 .debug_macro   0x0000000000001535       0x52 build/obj_files/main.o
 .debug_macro   0x0000000000001587       0x34 build/obj_files/main.o
 .debug_macro   0x00000000000015bb       0x34 build/obj_files/main.o
 .debug_macro   0x00000000000015ef       0x16 build/obj_files/main.o
 .debug_macro   0x0000000000001605      0x10e build/obj_files/main.o
 .debug_macro   0x0000000000001713       0x8d build/obj_files/main.o
 .debug_macro   0x00000000000017a0       0x16 build/obj_files/main.o
 .debug_macro   0x00000000000017b6       0x43 build/obj_files/main.o
 .debug_macro   0x00000000000017f9       0x34 build/obj_files/main.o
 .debug_macro   0x000000000000182d       0x10 build/obj_files/main.o
 .debug_macro   0x000000000000183d       0x52 build/obj_files/main.o
 .debug_macro   0x000000000000188f      0x182 build/obj_files/main.o
 .debug_macro   0x0000000000001a11      0x339 build/obj_files/main.o
 .debug_macro   0x0000000000001d4a       0x16 build/obj_files/main.o
 .debug_macro   0x0000000000001d60       0x29 build/obj_files/main.o
 .debug_macro   0x0000000000001d89      0x1a9 build/obj_files/main.o
 .debug_macro   0x0000000000001f32       0x16 build/obj_files/main.o
 .debug_macro   0x0000000000001f48       0x35 build/obj_files/main.o
 .debug_macro   0x0000000000001f7d       0x82 build/obj_files/main.o
 .debug_macro   0x0000000000001fff       0x2e build/obj_files/main.o
 .debug_macro   0x000000000000202d       0x64 build/obj_files/main.o
 .debug_macro   0x0000000000002091       0x28 build/obj_files/main.o

.debug_line     0x0000000000000000      0xcfb
 .debug_line    0x0000000000000000      0xbe1 build/obj_files/main.o
 .debug_line    0x0000000000000be1      0x11a build/obj_files/start.o

.debug_str      0x0000000000000000     0x99e2
 .debug_str     0x0000000000000000     0x99c4 build/obj_files/main.o
                                       0x9c9d (size before relaxing)
 .debug_str     0x00000000000099c4       0x1e build/obj_files/start.o
                                         0x8a (size before relaxing)

.comment        0x0000000000000000       0x33
 .comment       0x0000000000000000       0x33 build/obj_files/main.o
                                         0x34 (size before relaxing)

.debug_frame    0x0000000000000000      0x2fc
 .debug_frame   0x0000000000000000      0x2c0 build/obj_files/main.o
 .debug_frame   0x00000000000002c0       0x3c c:/efinity/efinity-riscv-ide-2025.1/toolchain/bin/../lib/gcc/riscv-none-embed/8.3.0/../../../../riscv-none-embed/lib/rv32imafdc/ilp32d\libc.a(lib_a-init.o)
