Archive member included to satisfy reference by file (symbol)

c:/efinity/efinity-riscv-ide-2025.2/toolchain/bin/../lib/gcc/riscv-none-embed/8.3.0/../../../../riscv-none-embed/lib/rv32im/ilp32\libc.a(lib_a-init.o)
                              build/obj_files/start.o (__libc_init_array)
c:/efinity/efinity-riscv-ide-2025.2/toolchain/bin/../lib/gcc/riscv-none-embed/8.3.0/../../../../riscv-none-embed/lib/rv32im/ilp32\libc.a(lib_a-malloc.o)
                              build/obj_files/efx_mmc_driver.o (malloc)
c:/efinity/efinity-riscv-ide-2025.2/toolchain/bin/../lib/gcc/riscv-none-embed/8.3.0/../../../../riscv-none-embed/lib/rv32im/ilp32\libc.a(lib_a-mallocr.o)
                              c:/efinity/efinity-riscv-ide-2025.2/toolchain/bin/../lib/gcc/riscv-none-embed/8.3.0/../../../../riscv-none-embed/lib/rv32im/ilp32\libc.a(lib_a-malloc.o) (_malloc_r)
c:/efinity/efinity-riscv-ide-2025.2/toolchain/bin/../lib/gcc/riscv-none-embed/8.3.0/../../../../riscv-none-embed/lib/rv32im/ilp32\libc.a(lib_a-memcmp.o)
                              build/obj_files/sdhc_driver.o (memcmp)
c:/efinity/efinity-riscv-ide-2025.2/toolchain/bin/../lib/gcc/riscv-none-embed/8.3.0/../../../../riscv-none-embed/lib/rv32im/ilp32\libc.a(lib_a-memset.o)
                              build/obj_files/efx_mmc_driver.o (memset)
c:/efinity/efinity-riscv-ide-2025.2/toolchain/bin/../lib/gcc/riscv-none-embed/8.3.0/../../../../riscv-none-embed/lib/rv32im/ilp32\libc.a(lib_a-mlock.o)
                              c:/efinity/efinity-riscv-ide-2025.2/toolchain/bin/../lib/gcc/riscv-none-embed/8.3.0/../../../../riscv-none-embed/lib/rv32im/ilp32\libc.a(lib_a-mallocr.o) (__malloc_lock)
c:/efinity/efinity-riscv-ide-2025.2/toolchain/bin/../lib/gcc/riscv-none-embed/8.3.0/../../../../riscv-none-embed/lib/rv32im/ilp32\libc.a(lib_a-rand.o)
                              build/obj_files/sdhc_driver.o (srand)
c:/efinity/efinity-riscv-ide-2025.2/toolchain/bin/../lib/gcc/riscv-none-embed/8.3.0/../../../../riscv-none-embed/lib/rv32im/ilp32\libc.a(lib_a-sbrkr.o)
                              c:/efinity/efinity-riscv-ide-2025.2/toolchain/bin/../lib/gcc/riscv-none-embed/8.3.0/../../../../riscv-none-embed/lib/rv32im/ilp32\libc.a(lib_a-mallocr.o) (_sbrk_r)
c:/efinity/efinity-riscv-ide-2025.2/toolchain/bin/../lib/gcc/riscv-none-embed/8.3.0/../../../../riscv-none-embed/lib/rv32im/ilp32\libc.a(lib_a-freer.o)
                              c:/efinity/efinity-riscv-ide-2025.2/toolchain/bin/../lib/gcc/riscv-none-embed/8.3.0/../../../../riscv-none-embed/lib/rv32im/ilp32\libc.a(lib_a-malloc.o) (_free_r)
c:/efinity/efinity-riscv-ide-2025.2/toolchain/bin/../lib/gcc/riscv-none-embed/8.3.0/../../../../riscv-none-embed/lib/rv32im/ilp32\libc.a(lib_a-impure.o)
                              c:/efinity/efinity-riscv-ide-2025.2/toolchain/bin/../lib/gcc/riscv-none-embed/8.3.0/../../../../riscv-none-embed/lib/rv32im/ilp32\libc.a(lib_a-malloc.o) (_impure_ptr)
c:/efinity/efinity-riscv-ide-2025.2/toolchain/bin/../lib/gcc/riscv-none-embed/8.3.0/../../../../riscv-none-embed/lib/rv32im/ilp32\libc.a(lib_a-reent.o)
                              c:/efinity/efinity-riscv-ide-2025.2/toolchain/bin/../lib/gcc/riscv-none-embed/8.3.0/../../../../riscv-none-embed/lib/rv32im/ilp32\libc.a(lib_a-sbrkr.o) (errno)
c:/efinity/efinity-riscv-ide-2025.2/toolchain/bin/../lib/gcc/riscv-none-embed/8.3.0/rv32im/ilp32\libgcc.a(_udivdi3.o)
                              build/obj_files/sdhc_driver.o (__udivdi3)
c:/efinity/efinity-riscv-ide-2025.2/toolchain/bin/../lib/gcc/riscv-none-embed/8.3.0/rv32im/ilp32\libgcc.a(_clz.o)
                              c:/efinity/efinity-riscv-ide-2025.2/toolchain/bin/../lib/gcc/riscv-none-embed/8.3.0/rv32im/ilp32\libgcc.a(_udivdi3.o) (__clz_tab)
c:/efinity/efinity-riscv-ide-2025.2/toolchain/bin/../lib/gcc/riscv-none-embed/8.3.0/../../../../riscv-none-embed/lib/rv32im/ilp32\libnosys.a(sbrk.o)
                              c:/efinity/efinity-riscv-ide-2025.2/toolchain/bin/../lib/gcc/riscv-none-embed/8.3.0/../../../../riscv-none-embed/lib/rv32im/ilp32\libc.a(lib_a-sbrkr.o) (_sbrk)

Allocating common symbols
Common symbol       size              file

dev                 0x4               build/obj_files/intc.o
flashled            0x4               build/obj_files/intc.o
errno               0x4               c:/efinity/efinity-riscv-ide-2025.2/toolchain/bin/../lib/gcc/riscv-none-embed/8.3.0/../../../../riscv-none-embed/lib/rv32im/ilp32\libc.a(lib_a-reent.o)
ChannelCount        0x10              build/obj_files/intc.o
AttributeDescriptor
                    0x100             build/obj_files/efx_mmc_driver.o
camStatus           0x10              build/obj_files/main.o
DataDescriptor      0x100             build/obj_files/efx_mmc_driver.o
Descriptor          0x100             build/obj_files/efx_mmc_driver.o
input_descriptor    0x500             build/obj_files/main.o
framebuffer_ptr     0x28              build/obj_files/main.o
cs_descriptor_csi_RX
[...]
Memory Configuration

Name             Origin             Length             Attributes
ram              0x0000000000001000 0x000000000007f000 axwl !r
*default*        0x0000000000000000 0xffffffffffffffff

Linker script and memory map

LOAD build/obj_files/efx_mmc_driver.o
LOAD build/obj_files/PiCamDriver.o
LOAD build/obj_files/intc.o
LOAD build/obj_files/main.o
LOAD build/obj_files/common.o
LOAD build/obj_files/sdhc_driver.o
LOAD build/obj_files/IMX477_Driver.o
LOAD build/obj_files/GMSL_SerDes.o
LOAD build/obj_files/dma_video_stream.o
LOAD build/obj_files/start.o
LOAD build/obj_files/trap.o
LOAD c:/efinity/efinity-riscv-ide-2025.2/toolchain/bin/../lib/gcc/riscv-none-embed/8.3.0/../../../../riscv-none-embed/lib/rv32im/ilp32\libc.a
LOAD c:/efinity/efinity-riscv-ide-2025.2/toolchain/bin/../lib/gcc/riscv-none-embed/8.3.0/rv32im/ilp32\libgcc.a
                0x0000000000001000                __stack_size = DEFINED (__stack_size)?__stack_size:0x1000

.init           0x0000000000001000       0x64
 *(SORT_NONE(.init))
 .init          0x0000000000001000       0x64 build/obj_files/start.o
                0x0000000000001000                _start
                0x0000000000001060                _init

.text           0x0000000000001064     0x7984
 *(.text.Proc_1)
 *(.text.Proc_2)
 *(.text.Proc_3)
 *(.text.Proc_4)
 *(.text.Proc_5)
 *(.text.Proc_6)
 *(.text.Proc_7)
 *(.text.Proc_8)
 *(.text.Func_1)
 *(.text.Func_2)
 *(.text.Func_3)
 *(.text.strcpy)
 *libc.a:*(.text .text.*)
 .text          0x0000000000001064        0x0 c:/efinity/efinity-riscv-ide-2025.2/toolchain/bin/../lib/gcc/riscv-none-embed/8.3.0/../../../../riscv-none-embed/lib/rv32im/ilp32\libc.a(lib_a-init.o)
 .text.__libc_init_array
                0x0000000000001064       0x94 c:/efinity/efinity-riscv-ide-2025.2/toolchain/bin/../lib/gcc/riscv-none-embed/8.3.0/../../../../riscv-none-embed/lib/rv32im/ilp32\libc.a(lib_a-init.o)
                0x0000000000001064                __libc_init_array
 .text          0x00000000000010f8        0x0 c:/efinity/efinity-riscv-ide-2025.2/toolchain/bin/../lib/gcc/riscv-none-embed/8.3.0/../../../../riscv-none-embed/lib/rv32im/ilp32\libc.a(lib_a-malloc.o)
 .text.malloc   0x00000000000010f8       0x10 c:/efinity/efinity-riscv-ide-2025.2/toolchain/bin/../lib/gcc/riscv-none-embed/8.3.0/../../../../riscv-none-embed/lib/rv32im/ilp32\libc.a(lib_a-malloc.o)
                0x00000000000010f8                malloc
 .text.free     0x0000000000001108       0x10 c:/efinity/efinity-riscv-ide-2025.2/toolchain/bin/../lib/gcc/riscv-none-embed/8.3.0/../../../../riscv-none-embed/lib/rv32im/ilp32\libc.a(lib_a-malloc.o)
                0x0000000000001108                free
 .text          0x0000000000001118        0x0 c:/efinity/efinity-riscv-ide-2025.2/toolchain/bin/../lib/gcc/riscv-none-embed/8.3.0/../../../../riscv-none-embed/lib/rv32im/ilp32\libc.a(lib_a-mallocr.o)
 .text._malloc_r
                0x0000000000001118      0x808 c:/efinity/efinity-riscv-ide-2025.2/toolchain/bin/../lib/gcc/riscv-none-embed/8.3.0/../../../../riscv-none-embed/lib/rv32im/ilp32\libc.a(lib_a-mallocr.o)
                0x0000000000001118                _malloc_r
 .text          0x0000000000001920        0x0 c:/efinity/efinity-riscv-ide-2025.2/toolchain/bin/../lib/gcc/riscv-none-embed/8.3.0/../../../../riscv-none-embed/lib/rv32im/ilp32\libc.a(lib_a-memcmp.o)
 .text.memcmp   0x0000000000001920       0x88 c:/efinity/efinity-riscv-ide-2025.2/toolchain/bin/../lib/gcc/riscv-none-embed/8.3.0/../../../../riscv-none-embed/lib/rv32im/ilp32\libc.a(lib_a-memcmp.o)
                0x0000000000001920                memcmp
 .text          0x00000000000019a8       0xdc c:/efinity/efinity-riscv-ide-2025.2/toolchain/bin/../lib/gcc/riscv-none-embed/8.3.0/../../../../riscv-none-embed/lib/rv32im/ilp32\libc.a(lib_a-memset.o)
                0x00000000000019a8                memset
 .text          0x0000000000001a84        0x0 c:/efinity/efinity-riscv-ide-2025.2/toolchain/bin/../lib/gcc/riscv-none-embed/8.3.0/../../../../riscv-none-embed/lib/rv32im/ilp32\libc.a(lib_a-mlock.o)
 .text.__malloc_lock
                0x0000000000001a84        0x4 c:/efinity/efinity-riscv-ide-2025.2/toolchain/bin/../lib/gcc/riscv-none-embed/8.3.0/../../../../riscv-none-embed/lib/rv32im/ilp32\libc.a(lib_a-mlock.o)
                0x0000000000001a84                __malloc_lock
 .text.__malloc_unlock
                0x0000000000001a88        0x4 c:/efinity/efinity-riscv-ide-2025.2/toolchain/bin/../lib/gcc/riscv-none-embed/8.3.0/../../../../riscv-none-embed/lib/rv32im/ilp32\libc.a(lib_a-mlock.o)
                0x0000000000001a88                __malloc_unlock
 .text          0x0000000000001a8c        0x0 c:/efinity/efinity-riscv-ide-2025.2/toolchain/bin/../lib/gcc/riscv-none-embed/8.3.0/../../../../riscv-none-embed/lib/rv32im/ilp32\libc.a(lib_a-rand.o)
 .text.srand    0x0000000000001a8c       0x14 c:/efinity/efinity-riscv-ide-2025.2/toolchain/bin/../lib/gcc/riscv-none-embed/8.3.0/../../../../riscv-none-embed/lib/rv32im/ilp32\libc.a(lib_a-rand.o)
                0x0000000000001a8c                srand
 .text.rand     0x0000000000001aa0       0x58 c:/efinity/efinity-riscv-ide-2025.2/toolchain/bin/../lib/gcc/riscv-none-embed/8.3.0/../../../../riscv-none-embed/lib/rv32im/ilp32\libc.a(lib_a-rand.o)
                0x0000000000001aa0                rand
 .text          0x0000000000001af8        0x0 c:/efinity/efinity-riscv-ide-2025.2/toolchain/bin/../lib/gcc/riscv-none-embed/8.3.0/../../../../riscv-none-embed/lib/rv32im/ilp32\libc.a(lib_a-sbrkr.o)
 .text._sbrk_r  0x0000000000001af8       0x54 c:/efinity/efinity-riscv-ide-2025.2/toolchain/bin/../lib/gcc/riscv-none-embed/8.3.0/../../../../riscv-none-embed/lib/rv32im/ilp32\libc.a(lib_a-sbrkr.o)
                0x0000000000001af8                _sbrk_r
 .text          0x0000000000001b4c        0x0 c:/efinity/efinity-riscv-ide-2025.2/toolchain/bin/../lib/gcc/riscv-none-embed/8.3.0/../../../../riscv-none-embed/lib/rv32im/ilp32\libc.a(lib_a-freer.o)
 .text._malloc_trim_r
                0x0000000000001b4c      0x12c c:/efinity/efinity-riscv-ide-2025.2/toolchain/bin/../lib/gcc/riscv-none-embed/8.3.0/../../../../riscv-none-embed/lib/rv32im/ilp32\libc.a(lib_a-freer.o)
                0x0000000000001b4c                _malloc_trim_r
 .text._free_r  0x0000000000001c78      0x318 c:/efinity/efinity-riscv-ide-2025.2/toolchain/bin/../lib/gcc/riscv-none-embed/8.3.0/../../../../riscv-none-embed/lib/rv32im/ilp32\libc.a(lib_a-freer.o)
                0x0000000000001c78                _free_r
 .text          0x0000000000001f90        0x0 c:/efinity/efinity-riscv-ide-2025.2/toolchain/bin/../lib/gcc/riscv-none-embed/8.3.0/../../../../riscv-none-embed/lib/rv32im/ilp32\libc.a(lib_a-impure.o)
 .text          0x0000000000001f90        0x0 c:/efinity/efinity-riscv-ide-2025.2/toolchain/bin/../lib/gcc/riscv-none-embed/8.3.0/../../../../riscv-none-embed/lib/rv32im/ilp32\libc.a(lib_a-reent.o)
 .text.cleanup_glue
                0x0000000000001f90       0x40 c:/efinity/efinity-riscv-ide-2025.2/toolchain/bin/../lib/gcc/riscv-none-embed/8.3.0/../../../../riscv-none-embed/lib/rv32im/ilp32\libc.a(lib_a-reent.o)
                0x0000000000001f90                cleanup_glue
 .text._reclaim_reent
                0x0000000000001fd0      0x110 c:/efinity/efinity-riscv-ide-2025.2/toolchain/bin/../lib/gcc/riscv-none-embed/8.3.0/../../../../riscv-none-embed/lib/rv32im/ilp32\libc.a(lib_a-reent.o)
                0x0000000000001fd0                _reclaim_reent
 *(.text.main)
 *(.text.unlikely .text.unlikely.*)
 *(.text.startup .text.startup.*)
 *(.text .text.*)
 .text          0x00000000000020e0      0xa24 build/obj_files/efx_mmc_driver.o
                0x0000000000002114                sd_ctrl_get_cd
                0x000000000000211c                sd_ctrl_get_wp
                0x0000000000002124                sd_ctrl_write
                0x0000000000002134                sd_ctrl_read
                0x0000000000002144                sd_ctrl_cmd
                0x0000000000002428                sd_ctrl_creat_Descriptor
                0x0000000000002558                sd_ctrl_data
                0x00000000000027b0                sd_ctrl_check_read_write
                0x00000000000027fc                sd_ctrl_send_cmd
                0x0000000000002868                sd_ctrl_set_clk
                0x00000000000028dc                sd_ctrl_set_bus
                0x000000000000291c                sd_ctrl_set_ios
                0x000000000000294c                sd_ctrl_init
                0x00000000000029a8                sd_ctrl_mmc_probe
 .text          0x0000000000002b04      0xa78 build/obj_files/PiCamDriver.o
                0x0000000000002bd4                PiCam_WriteRegData
                0x0000000000002cec                PiCam_ReadRegData
                0x0000000000002df4                AccessCommSeq
                0x0000000000002e5c                PiCam_Output_Size
                0x0000000000002eb8                PiCam_Output_activePixel
                0x0000000000002f5c                PiCam_Output_activePixelX
                0x0000000000002fb8                PiCam_Output_activePixelY
                0x0000000000003014                PiCam_SetBinningMode
                0x0000000000003064                PiCam_Output_ColorBarSize
                0x00000000000030c0                PiCam_TestPattern
                0x0000000000003130                PiCam_TestPatternColur
                0x0000000000003224                PiCam_Gainfilter
                0x0000000000003278                PiCam_init
 .text          0x000000000000357c      0x80c build/obj_files/intc.o
                0x00000000000036dc                printb
                0x00000000000036fc                print_hexb
                0x0000000000003760                UserInterruptSDIsr
                0x0000000000003964                UserInterruptDMAIsr
                0x0000000000003ae4                crash
                0x0000000000003b00                crash_test
                0x0000000000003b48                crash_testB
                0x0000000000003b8c                userInterrupt
                0x0000000000003c08                trap
                0x0000000000003c80                IntcInitialize
                0x0000000000003d38                IntcSDInitialize
 .text          0x0000000000003d88     0x1180 build/obj_files/main.o
                0x0000000000004304                print
                0x0000000000004324                I2C_SLV_WriteRegData
                0x0000000000004400                I2C_SLV_ReadRegData
                0x00000000000044dc                cmd_cam_brightnes
                0x00000000000045ac                cmd_cam_colour_gain
                0x00000000000046f4                inital_video_stream
                0x0000000000004ae8                overlay_update
                0x0000000000004aec                cmd_operation
                0x0000000000004d68                switch2cmd
                0x0000000000004dc4                swtich_event
                0x0000000000004e50                main
 .text          0x0000000000004f08      0x1a8 build/obj_files/common.o
                0x0000000000004f98                Reg_Out32
                0x0000000000004fa0                Reg_In32
                0x0000000000004fa8                assert
                0x0000000000004fdc                putchar
                0x000000000000500c                bsp_puts
                0x000000000000504c                print_hex
 .text          0x00000000000050b0      0xc24 build/obj_files/sdhc_driver.o
                0x0000000000005498                sd_send_cmd
                0x00000000000054cc                SD_READ_CSD
                0x000000000000558c                SD_CardInitial
                0x0000000000005830                SD_EraseBlk
                0x00000000000058c4                SD_WRITE_BLOCK
                0x00000000000059c4                SD_READ_BLOCK
                0x0000000000005abc                SD_ReadWriteCompare
                0x0000000000005c7c                SD_InitRandomBuff
 .text          0x0000000000005cd4      0x858 build/obj_files/IMX477_Driver.o
                0x0000000000006158                imx477_WriteRegData
                0x0000000000006270                imx477_ReadRegData
                0x0000000000006378                imx477_WriteRegs
                0x00000000000063f0                imx477_init
 .text          0x000000000000652c      0x5e4 build/obj_files/GMSL_SerDes.o
                0x0000000000006630                GMSL_Ser_WriteRegData
                0x0000000000006748                GMSL_Des_WriteRegData
                0x0000000000006860                GMSL_Ser_ReadRegData
                0x0000000000006968                GMSL_Des_ReadRegData
                0x0000000000006a70                GMSL_SerDes_init
 .text          0x0000000000006b10     0x1978 build/obj_files/dma_video_stream.o
                0x000000000000704c                framebuffer_loadTable
                0x00000000000071cc                framebuffer_overlayFrame
                0x00000000000072fc                framebuffer_overlayMask
                0x000000000000736c                framebuffer_pattern
                0x00000000000074b8                dma_video_in_channel_execution
                0x0000000000007564                dma_video_in_channel_SG
                0x00000000000076c0                dma_video_out_channel_SG
                0x0000000000007830                dma_video_in_stop
                0x0000000000007874                dma_video_in_channel_stop
                0x00000000000078b0                dma_video_out_stop
                0x00000000000078e8                dma_video_out_channel_stop
                0x000000000000792c                dma_video_in_channel_cs_sg_execution
                0x0000000000007a74                dma_video_out_channel_cs_sg_execution
                0x0000000000007bac                dma_video_out_channel_execution
                0x0000000000007c58                dma_video_out_execution
                0x0000000000007cf4                dma_video_out_split2_frame
                0x0000000000007ef8                dma_video_out_split4_frame
                0x00000000000082a8                dma_video_out_scrop_frame
                0x0000000000008434                mipi_i2c_init
                0x0000000000008484                hdmi_i2c_init
 .text          0x0000000000008488        0x0 build/obj_files/start.o
 .text          0x0000000000008488       0x90 build/obj_files/trap.o
                0x0000000000008488                trap_entry
 .text          0x0000000000008518        0x0 c:/efinity/efinity-riscv-ide-2025.2/toolchain/bin/../lib/gcc/riscv-none-embed/8.3.0/rv32im/ilp32\libgcc.a(_udivdi3.o)
 .text.__udivdi3
                0x0000000000008518      0x4a0 c:/efinity/efinity-riscv-ide-2025.2/toolchain/bin/../lib/gcc/riscv-none-embed/8.3.0/rv32im/ilp32\libgcc.a(_udivdi3.o)
                0x0000000000008518                __udivdi3
 .text          0x00000000000089b8        0x0 c:/efinity/efinity-riscv-ide-2025.2/toolchain/bin/../lib/gcc/riscv-none-embed/8.3.0/rv32im/ilp32\libgcc.a(_clz.o)
 .text          0x00000000000089b8        0x0 c:/efinity/efinity-riscv-ide-2025.2/toolchain/bin/../lib/gcc/riscv-none-embed/8.3.0/../../../../riscv-none-embed/lib/rv32im/ilp32\libnosys.a(sbrk.o)
 .text._sbrk    0x00000000000089b8       0x30 c:/efinity/efinity-riscv-ide-2025.2/toolchain/bin/../lib/gcc/riscv-none-embed/8.3.0/../../../../riscv-none-embed/lib/rv32im/ilp32\libnosys.a(sbrk.o)
                0x00000000000089b8                _sbrk
 *(.gnu.linkonce.t.*)
 *(.note.gnu.build-id)

.sdata2._global_impure_ptr
                0x00000000000089e8        0x4
 .sdata2._global_impure_ptr
                0x00000000000089e8        0x4 c:/efinity/efinity-riscv-ide-2025.2/toolchain/bin/../lib/gcc/riscv-none-embed/8.3.0/../../../../riscv-none-embed/lib/rv32im/ilp32\libc.a(lib_a-impure.o)
                0x00000000000089e8                _global_impure_ptr

.eh_frame       0x00000000000089ec       0x28
 .eh_frame      0x00000000000089ec       0x28 c:/efinity/efinity-riscv-ide-2025.2/toolchain/bin/../lib/gcc/riscv-none-embed/8.3.0/rv32im/ilp32\libgcc.a(_udivdi3.o)

.rela.dyn       0x0000000000008a14        0x0
 .rela.text     0x0000000000008a14        0x0 build/obj_files/efx_mmc_driver.o
 .rela.init     0x0000000000008a14        0x0 build/obj_files/efx_mmc_driver.o
 .rela.text.__libc_init_array
                0x0000000000008a14        0x0 build/obj_files/efx_mmc_driver.o
 .rela.text._sbrk_r
                0x0000000000008a14        0x0 build/obj_files/efx_mmc_driver.o
 .rela.text._sbrk
                0x0000000000008a14        0x0 build/obj_files/efx_mmc_driver.o

.fini
 *(SORT_NONE(.fini))
                [!provide]                        PROVIDE (__etext = .)
                [!provide]                        PROVIDE (_etext = .)
                [!provide]                        PROVIDE (etext = .)
                0x0000000000008a14                . = ALIGN (0x4)

.preinit_array  0x0000000000008a14        0x0
                0x0000000000008a14                PROVIDE (__preinit_array_start = .)
 *(.preinit_array)
                0x0000000000008a14                PROVIDE (__preinit_array_end = .)

.init_array     0x0000000000008a14        0x0
                0x0000000000008a14                PROVIDE (__init_array_start = .)
 *(SORT_BY_INIT_PRIORITY(.init_array.*) SORT_BY_INIT_PRIORITY(.ctors.*))
 *(.init_array EXCLUDE_FILE(*crtend?.o *crtend.o *crtbegin?.o *crtbegin.o) .ctors)
                0x0000000000008a14                PROVIDE (__init_array_end = .)

.fini_array     0x0000000000008a14        0x0
                [!provide]                        PROVIDE (__fini_array_start = .)
 *(SORT_BY_INIT_PRIORITY(.fini_array.*) SORT_BY_INIT_PRIORITY(.dtors.*))
 *(.fini_array EXCLUDE_FILE(*crtend?.o *crtend.o *crtbegin?.o *crtbegin.o) .dtors)
                [!provide]                        PROVIDE (__fini_array_end = .)

.ctors
 *crtbegin.o(.ctors)
 *crtbegin?.o(.ctors)
 *(EXCLUDE_FILE(*crtend?.o *crtend.o) .ctors)
 *(SORT_BY_NAME(.ctors.*))
 *(.ctors)

.dtors
 *crtbegin.o(.dtors)
 *crtbegin?.o(.dtors)
 *(EXCLUDE_FILE(*crtend?.o *crtend.o) .dtors)
 *(SORT_BY_NAME(.dtors.*))
 *(.dtors)

.lalign         0x0000000000008a14        0x0
                0x0000000000008a14                PROVIDE (_data_lma = .)

.dalign         0x0000000000008a14        0x0
                0x0000000000008a14                PROVIDE (_data = .)

.data           0x0000000000008a18    0x49681
 *(.rdata)
 *(.rodata .rodata.*)
 .rodata        0x0000000000008a18       0x50 build/obj_files/efx_mmc_driver.o
 .rodata.str1.4
                0x0000000000008a68       0x12 build/obj_files/efx_mmc_driver.o
 *fill*         0x0000000000008a7a        0x2 
 .rodata.str1.4
                0x0000000000008a7c       0x65 build/obj_files/intc.o
                                         0x69 (size before relaxing)
 *fill*         0x0000000000008ae1        0x3 
 .rodata.str1.4
                0x0000000000008ae4      0x258 build/obj_files/main.o
                                        0x26f (size before relaxing)
 .rodata.str1.4
                0x0000000000008d3c       0x13 build/obj_files/common.o
                                         0x25 (size before relaxing)
 *fill*         0x0000000000008d4f        0x1 
 .rodata        0x0000000000008d50       0x50 build/obj_files/sdhc_driver.o
 .rodata.str1.4
                0x0000000000008da0       0xc7 build/obj_files/sdhc_driver.o
                                        0x13b (size before relaxing)
 *fill*         0x0000000000008e67        0x1 
 .rodata        0x0000000000008e68      0x690 build/obj_files/IMX477_Driver.o
 .rodata.str1.4
                0x00000000000094f8       0x23 build/obj_files/IMX477_Driver.o
                                         0x97 (size before relaxing)
 *fill*         0x000000000000951b        0x1 
 .rodata        0x000000000000951c    0x48018 build/obj_files/dma_video_stream.o
                0x000000000000993c                raw_table4
                0x0000000000017ed4                raw_table3
                0x000000000002646c                raw_table2
                0x0000000000034a04                raw_table1
                0x0000000000042f9c                raw_table
 .rodata.str1.4
                0x0000000000051534      0x1f8 build/obj_files/dma_video_stream.o
                                        0x26b (size before relaxing)
 .rodata.__clz_tab
                0x000000000005172c      0x100 c:/efinity/efinity-riscv-ide-2025.2/toolchain/bin/../lib/gcc/riscv-none-embed/8.3.0/rv32im/ilp32\libgcc.a(_clz.o)
                0x000000000005172c                __clz_tab
 *(.gnu.linkonce.r.*)
 *(.data .data.*)
 .data          0x000000000005182c        0x0 build/obj_files/efx_mmc_driver.o
 .data          0x000000000005182c        0x0 build/obj_files/PiCamDriver.o
 .data          0x000000000005182c        0x0 build/obj_files/intc.o
 .data          0x000000000005182c        0x0 build/obj_files/main.o
 .data          0x000000000005182c        0x0 build/obj_files/common.o
 .data          0x000000000005182c        0x0 build/obj_files/sdhc_driver.o
 .data          0x000000000005182c        0x0 build/obj_files/IMX477_Driver.o
 .data          0x000000000005182c        0x0 build/obj_files/GMSL_SerDes.o
 .data          0x000000000005182c        0x0 build/obj_files/dma_video_stream.o
 .data          0x000000000005182c        0x0 build/obj_files/start.o
 .data          0x000000000005182c        0x0 build/obj_files/trap.o
 .data          0x000000000005182c        0x0 c:/efinity/efinity-riscv-ide-2025.2/toolchain/bin/../lib/gcc/riscv-none-embed/8.3.0/../../../../riscv-none-embed/lib/rv32im/ilp32\libc.a(lib_a-init.o)
 .data          0x000000000005182c        0x0 c:/efinity/efinity-riscv-ide-2025.2/toolchain/bin/../lib/gcc/riscv-none-embed/8.3.0/../../../../riscv-none-embed/lib/rv32im/ilp32\libc.a(lib_a-malloc.o)
 .data          0x000000000005182c        0x0 c:/efinity/efinity-riscv-ide-2025.2/toolchain/bin/../lib/gcc/riscv-none-embed/8.3.0/../../../../riscv-none-embed/lib/rv32im/ilp32\libc.a(lib_a-mallocr.o)
 .data.__malloc_av_
                0x000000000005182c      0x408 c:/efinity/efinity-riscv-ide-2025.2/toolchain/bin/../lib/gcc/riscv-none-embed/8.3.0/../../../../riscv-none-embed/lib/rv32im/ilp32\libc.a(lib_a-mallocr.o)
                0x000000000005182c                __malloc_av_
 .data          0x0000000000051c34        0x0 c:/efinity/efinity-riscv-ide-2025.2/toolchain/bin/../lib/gcc/riscv-none-embed/8.3.0/../../../../riscv-none-embed/lib/rv32im/ilp32\libc.a(lib_a-memcmp.o)
 .data          0x0000000000051c34        0x0 c:/efinity/efinity-riscv-ide-2025.2/toolchain/bin/../lib/gcc/riscv-none-embed/8.3.0/../../../../riscv-none-embed/lib/rv32im/ilp32\libc.a(lib_a-memset.o)
 .data          0x0000000000051c34        0x0 c:/efinity/efinity-riscv-ide-2025.2/toolchain/bin/../lib/gcc/riscv-none-embed/8.3.0/../../../../riscv-none-embed/lib/rv32im/ilp32\libc.a(lib_a-mlock.o)
 .data          0x0000000000051c34        0x0 c:/efinity/efinity-riscv-ide-2025.2/toolchain/bin/../lib/gcc/riscv-none-embed/8.3.0/../../../../riscv-none-embed/lib/rv32im/ilp32\libc.a(lib_a-rand.o)
 .data          0x0000000000051c34        0x0 c:/efinity/efinity-riscv-ide-2025.2/toolchain/bin/../lib/gcc/riscv-none-embed/8.3.0/../../../../riscv-none-embed/lib/rv32im/ilp32\libc.a(lib_a-sbrkr.o)
 .data          0x0000000000051c34        0x0 c:/efinity/efinity-riscv-ide-2025.2/toolchain/bin/../lib/gcc/riscv-none-embed/8.3.0/../../../../riscv-none-embed/lib/rv32im/ilp32\libc.a(lib_a-freer.o)
 .data          0x0000000000051c34        0x0 c:/efinity/efinity-riscv-ide-2025.2/toolchain/bin/../lib/gcc/riscv-none-embed/8.3.0/../../../../riscv-none-embed/lib/rv32im/ilp32\libc.a(lib_a-impure.o)
 *fill*         0x0000000000051c34        0x4 
 .data.impure_data
                0x0000000000051c38      0x428 c:/efinity/efinity-riscv-ide-2025.2/toolchain/bin/../lib/gcc/riscv-none-embed/8.3.0/../../../../riscv-none-embed/lib/rv32im/ilp32\libc.a(lib_a-impure.o)
 .data          0x0000000000052060        0x0 c:/efinity/efinity-riscv-ide-2025.2/toolchain/bin/../lib/gcc/riscv-none-embed/8.3.0/../../../../riscv-none-embed/lib/rv32im/ilp32\libc.a(lib_a-reent.o)
 .data          0x0000000000052060        0x0 c:/efinity/efinity-riscv-ide-2025.2/toolchain/bin/../lib/gcc/riscv-none-embed/8.3.0/rv32im/ilp32\libgcc.a(_udivdi3.o)
 .data          0x0000000000052060        0x0 c:/efinity/efinity-riscv-ide-2025.2/toolchain/bin/../lib/gcc/riscv-none-embed/8.3.0/rv32im/ilp32\libgcc.a(_clz.o)
 .data          0x0000000000052060        0x0 c:/efinity/efinity-riscv-ide-2025.2/toolchain/bin/../lib/gcc/riscv-none-embed/8.3.0/../../../../riscv-none-embed/lib/rv32im/ilp32\libnosys.a(sbrk.o)
 *(.gnu.linkonce.d.*)
                0x0000000000052060                . = ALIGN (0x8)
                0x0000000000052850                PROVIDE (__global_pointer$ = (. + 0x7f0))
 *(.sdata .sdata.*)
 .sdata         0x0000000000052060       0x1c build/obj_files/main.o
                0x0000000000052060                NextDisplayMode
                0x0000000000052064                last_switch
                0x0000000000052068                lastChannel
                0x000000000005206c                cam_gain_b
                0x0000000000052070                cam_gain_g
                0x0000000000052074                cam_gain_r
                0x0000000000052078                cam_brightness
 .sdata.__malloc_sbrk_base
                0x000000000005207c        0x4 c:/efinity/efinity-riscv-ide-2025.2/toolchain/bin/../lib/gcc/riscv-none-embed/8.3.0/../../../../riscv-none-embed/lib/rv32im/ilp32\libc.a(lib_a-mallocr.o)
                0x000000000005207c                __malloc_sbrk_base
 .sdata.__malloc_trim_threshold
                0x0000000000052080        0x4 c:/efinity/efinity-riscv-ide-2025.2/toolchain/bin/../lib/gcc/riscv-none-embed/8.3.0/../../../../riscv-none-embed/lib/rv32im/ilp32\libc.a(lib_a-mallocr.o)
                0x0000000000052080                __malloc_trim_threshold
 .sdata._impure_ptr
                0x0000000000052084        0x4 c:/efinity/efinity-riscv-ide-2025.2/toolchain/bin/../lib/gcc/riscv-none-embed/8.3.0/../../../../riscv-none-embed/lib/rv32im/ilp32\libc.a(lib_a-impure.o)
                0x0000000000052084                _impure_ptr
 *(.gnu.linkonce.s.*)
                0x0000000000052088                . = ALIGN (0x8)
 *(.srodata.cst16)
 *(.srodata.cst8)
 *(.srodata.cst4)
 *(.srodata.cst2)
 *(.srodata .srodata.*)
 .srodata       0x0000000000052088        0x7 build/obj_files/main.o
                0x0000000000052099                . = (. + 0xa)
 *fill*         0x000000000005208f        0xa 
                0x000000000005209c                . = ALIGN (0x4)
                0x000000000005209c                PROVIDE (_edata = .)
                [!provide]                        PROVIDE (edata = .)
                [!provide]                        PROVIDE (_fbss = .)
                0x000000000005209c                PROVIDE (__bss_start = .)

.bss            0x00000000000520c0      0x9ac
 *(.sbss*)
 .sbss          0x00000000000520c0        0xc build/obj_files/intc.o
                0x00000000000520c0                ds_index
                0x00000000000520c4                flash_led_count
                0x00000000000520c8                flash_led
 .sbss          0x00000000000520cc        0x8 build/obj_files/main.o
                0x00000000000520cc                last_overlay_type
                0x00000000000520d0                swithCmdPtr
 .sbss.__malloc_max_sbrked_mem
                0x00000000000520d4        0x4 c:/efinity/efinity-riscv-ide-2025.2/toolchain/bin/../lib/gcc/riscv-none-embed/8.3.0/../../../../riscv-none-embed/lib/rv32im/ilp32\libc.a(lib_a-mallocr.o)
                0x00000000000520d4                __malloc_max_sbrked_mem
 .sbss.__malloc_max_total_mem
                0x00000000000520d8        0x4 c:/efinity/efinity-riscv-ide-2025.2/toolchain/bin/../lib/gcc/riscv-none-embed/8.3.0/../../../../riscv-none-embed/lib/rv32im/ilp32\libc.a(lib_a-mallocr.o)
                0x00000000000520d8                __malloc_max_total_mem
 .sbss.__malloc_top_pad
                0x00000000000520dc        0x4 c:/efinity/efinity-riscv-ide-2025.2/toolchain/bin/../lib/gcc/riscv-none-embed/8.3.0/../../../../riscv-none-embed/lib/rv32im/ilp32\libc.a(lib_a-mallocr.o)
                0x00000000000520dc                __malloc_top_pad
 .sbss.heap_end.1518
                0x00000000000520e0        0x4 c:/efinity/efinity-riscv-ide-2025.2/toolchain/bin/../lib/gcc/riscv-none-embed/8.3.0/../../../../riscv-none-embed/lib/rv32im/ilp32\libnosys.a(sbrk.o)
 *(.gnu.linkonce.sb.*)
 *(.bss .bss.*)
 .bss           0x00000000000520e4        0x0 build/obj_files/efx_mmc_driver.o
 .bss           0x00000000000520e4        0x0 build/obj_files/PiCamDriver.o
 .bss           0x00000000000520e4        0x0 build/obj_files/intc.o
 .bss           0x00000000000520e4        0x0 build/obj_files/main.o
 .bss           0x00000000000520e4        0x0 build/obj_files/common.o
 .bss           0x00000000000520e4        0x0 build/obj_files/sdhc_driver.o
 .bss           0x00000000000520e4        0x0 build/obj_files/IMX477_Driver.o
 .bss           0x00000000000520e4        0x0 build/obj_files/GMSL_SerDes.o
 .bss           0x00000000000520e4        0x0 build/obj_files/dma_video_stream.o
 .bss           0x00000000000520e4        0x0 build/obj_files/start.o
 .bss           0x00000000000520e4        0x0 build/obj_files/trap.o
 .bss           0x00000000000520e4        0x0 c:/efinity/efinity-riscv-ide-2025.2/toolchain/bin/../lib/gcc/riscv-none-embed/8.3.0/../../../../riscv-none-embed/lib/rv32im/ilp32\libc.a(lib_a-init.o)
 .bss           0x00000000000520e4        0x0 c:/efinity/efinity-riscv-ide-2025.2/toolchain/bin/../lib/gcc/riscv-none-embed/8.3.0/../../../../riscv-none-embed/lib/rv32im/ilp32\libc.a(lib_a-malloc.o)
 .bss           0x00000000000520e4        0x0 c:/efinity/efinity-riscv-ide-2025.2/toolchain/bin/../lib/gcc/riscv-none-embed/8.3.0/../../../../riscv-none-embed/lib/rv32im/ilp32\libc.a(lib_a-mallocr.o)
 .bss.__malloc_current_mallinfo
                0x00000000000520e4       0x28 c:/efinity/efinity-riscv-ide-2025.2/toolchain/bin/../lib/gcc/riscv-none-embed/8.3.0/../../../../riscv-none-embed/lib/rv32im/ilp32\libc.a(lib_a-mallocr.o)
                0x00000000000520e4                __malloc_current_mallinfo
 .bss           0x000000000005210c        0x0 c:/efinity/efinity-riscv-ide-2025.2/toolchain/bin/../lib/gcc/riscv-none-embed/8.3.0/../../../../riscv-none-embed/lib/rv32im/ilp32\libc.a(lib_a-memcmp.o)
 .bss           0x000000000005210c        0x0 c:/efinity/efinity-riscv-ide-2025.2/toolchain/bin/../lib/gcc/riscv-none-embed/8.3.0/../../../../riscv-none-embed/lib/rv32im/ilp32\libc.a(lib_a-memset.o)
 .bss           0x000000000005210c        0x0 c:/efinity/efinity-riscv-ide-2025.2/toolchain/bin/../lib/gcc/riscv-none-embed/8.3.0/../../../../riscv-none-embed/lib/rv32im/ilp32\libc.a(lib_a-mlock.o)
 .bss           0x000000000005210c        0x0 c:/efinity/efinity-riscv-ide-2025.2/toolchain/bin/../lib/gcc/riscv-none-embed/8.3.0/../../../../riscv-none-embed/lib/rv32im/ilp32\libc.a(lib_a-rand.o)
 .bss           0x000000000005210c        0x0 c:/efinity/efinity-riscv-ide-2025.2/toolchain/bin/../lib/gcc/riscv-none-embed/8.3.0/../../../../riscv-none-embed/lib/rv32im/ilp32\libc.a(lib_a-sbrkr.o)
 .bss           0x000000000005210c        0x0 c:/efinity/efinity-riscv-ide-2025.2/toolchain/bin/../lib/gcc/riscv-none-embed/8.3.0/../../../../riscv-none-embed/lib/rv32im/ilp32\libc.a(lib_a-freer.o)
 .bss           0x000000000005210c        0x0 c:/efinity/efinity-riscv-ide-2025.2/toolchain/bin/../lib/gcc/riscv-none-embed/8.3.0/../../../../riscv-none-embed/lib/rv32im/ilp32\libc.a(lib_a-impure.o)
 .bss           0x000000000005210c        0x0 c:/efinity/efinity-riscv-ide-2025.2/toolchain/bin/../lib/gcc/riscv-none-embed/8.3.0/../../../../riscv-none-embed/lib/rv32im/ilp32\libc.a(lib_a-reent.o)
 .bss           0x000000000005210c        0x0 c:/efinity/efinity-riscv-ide-2025.2/toolchain/bin/../lib/gcc/riscv-none-embed/8.3.0/rv32im/ilp32\libgcc.a(_udivdi3.o)
 .bss           0x000000000005210c        0x0 c:/efinity/efinity-riscv-ide-2025.2/toolchain/bin/../lib/gcc/riscv-none-embed/8.3.0/rv32im/ilp32\libgcc.a(_clz.o)
 .bss           0x000000000005210c        0x0 c:/efinity/efinity-riscv-ide-2025.2/toolchain/bin/../lib/gcc/riscv-none-embed/8.3.0/../../../../riscv-none-embed/lib/rv32im/ilp32\libnosys.a(sbrk.o)
 *(.gnu.linkonce.b.*)
 *(COMMON)
 COMMON         0x000000000005210c      0x300 build/obj_files/efx_mmc_driver.o
                0x000000000005210c                AttributeDescriptor
                0x000000000005220c                DataDescriptor
                0x000000000005230c                Descriptor
 COMMON         0x000000000005240c       0x48 build/obj_files/intc.o
                0x000000000005240c                dev
                0x0000000000052410                flashled
                0x0000000000052414                ChannelCount
                0x0000000000052424                IntPtr
 *fill*         0x0000000000052454       0x2c 
 COMMON         0x0000000000052480      0x5e8 build/obj_files/main.o
                0x0000000000052480                camStatus
                0x00000000000524c0                input_descriptor
                0x00000000000529c0                framebuffer_ptr
                0x00000000000529e8                cs_descriptor_csi_RX
                0x0000000000052a28                cs_descriptor_csi_TX
 COMMON         0x0000000000052a68        0x4 c:/efinity/efinity-riscv-ide-2025.2/toolchain/bin/../lib/gcc/riscv-none-embed/8.3.0/../../../../riscv-none-embed/lib/rv32im/ilp32\libc.a(lib_a-reent.o)
                0x0000000000052a68                errno
                0x0000000000052a6c                . = ALIGN (0x4)
                0x0000000000052a70                . = ALIGN (0x8)
                0x0000000000052a70                PROVIDE (_end = .)
                0x0000000000052a70                PROVIDE (end = .)

.stack          0x0000000000052a70     0x1000
                [!provide]                        PROVIDE (_heap_end = .)
                0x0000000000001000                . = __stack_size
 *fill*         0x0000000000052a70     0x1000 
                0x0000000000053a70                PROVIDE (_sp = .)
                0x0000000000053a70                __freertos_irq_stack_top = .
LOAD c:/efinity/efinity-riscv-ide-2025.2/toolchain/bin/../lib/gcc/riscv-none-embed/8.3.0/../../../../riscv-none-embed/lib/rv32im/ilp32\libm.a
LOAD c:/efinity/efinity-riscv-ide-2025.2/toolchain/bin/../lib/gcc/riscv-none-embed/8.3.0/rv32im/ilp32\libgcc.a
START GROUP
LOAD c:/efinity/efinity-riscv-ide-2025.2/toolchain/bin/../lib/gcc/riscv-none-embed/8.3.0/rv32im/ilp32\libgcc.a
LOAD c:/efinity/efinity-riscv-ide-2025.2/toolchain/bin/../lib/gcc/riscv-none-embed/8.3.0/../../../../riscv-none-embed/lib/rv32im/ilp32\libg.a
LOAD c:/efinity/efinity-riscv-ide-2025.2/toolchain/bin/../lib/gcc/riscv-none-embed/8.3.0/../../../../riscv-none-embed/lib/rv32im/ilp32\libc.a
END GROUP
LOAD c:/efinity/efinity-riscv-ide-2025.2/toolchain/bin/../lib/gcc/riscv-none-embed/8.3.0/rv32im/ilp32\libgcc.a
START GROUP
LOAD c:/efinity/efinity-riscv-ide-2025.2/toolchain/bin/../lib/gcc/riscv-none-embed/8.3.0/rv32im/ilp32\libgcc.a
LOAD c:/efinity/efinity-riscv-ide-2025.2/toolchain/bin/../lib/gcc/riscv-none-embed/8.3.0/../../../../riscv-none-embed/lib/rv32im/ilp32\libc.a
LOAD c:/efinity/efinity-riscv-ide-2025.2/toolchain/bin/../lib/gcc/riscv-none-embed/8.3.0/../../../../riscv-none-embed/lib/rv32im/ilp32\libnosys.a
END GROUP
OUTPUT(build/efx-gmsl-video-grabber-line-hdmi.elf elf32-littleriscv)

.debug_info     0x0000000000000000    0x121a4
 .debug_info    0x0000000000000000     0x1941 build/obj_files/efx_mmc_driver.o
 .debug_info    0x0000000000001941     0x210e build/obj_files/PiCamDriver.o
 .debug_info    0x0000000000003a4f     0x1cbc build/obj_files/intc.o
 .debug_info    0x000000000000570b     0x2f70 build/obj_files/main.o
 .debug_info    0x000000000000867b      0xc86 build/obj_files/common.o
 .debug_info    0x0000000000009301     0x1cc0 build/obj_files/sdhc_driver.o
 .debug_info    0x000000000000afc1     0x2674 build/obj_files/IMX477_Driver.o
 .debug_info    0x000000000000d635     0x1afb build/obj_files/GMSL_SerDes.o
 .debug_info    0x000000000000f130     0x3028 build/obj_files/dma_video_stream.o
 .debug_info    0x0000000000012158       0x26 build/obj_files/start.o
 .debug_info    0x000000000001217e       0x26 build/obj_files/trap.o

.debug_abbrev   0x0000000000000000     0x289d
 .debug_abbrev  0x0000000000000000      0x45a build/obj_files/efx_mmc_driver.o
 .debug_abbrev  0x000000000000045a      0x3f8 build/obj_files/PiCamDriver.o
 .debug_abbrev  0x0000000000000852      0x4e3 build/obj_files/intc.o
 .debug_abbrev  0x0000000000000d35      0x5a9 build/obj_files/main.o
 .debug_abbrev  0x00000000000012de      0x32f build/obj_files/common.o
 .debug_abbrev  0x000000000000160d      0x4c3 build/obj_files/sdhc_driver.o
 .debug_abbrev  0x0000000000001ad0      0x4c9 build/obj_files/IMX477_Driver.o
 .debug_abbrev  0x0000000000001f99      0x407 build/obj_files/GMSL_SerDes.o
 .debug_abbrev  0x00000000000023a0      0x4d5 build/obj_files/dma_video_stream.o
 .debug_abbrev  0x0000000000002875       0x14 build/obj_files/start.o
 .debug_abbrev  0x0000000000002889       0x14 build/obj_files/trap.o

.debug_loc      0x0000000000000000     0x667f
 .debug_loc     0x0000000000000000      0x98d build/obj_files/efx_mmc_driver.o
 .debug_loc     0x000000000000098d      0x8be build/obj_files/PiCamDriver.o
 .debug_loc     0x000000000000124b      0x68c build/obj_files/intc.o
 .debug_loc     0x00000000000018d7     0x133d build/obj_files/main.o
 .debug_loc     0x0000000000002c14      0x22e build/obj_files/common.o
 .debug_loc     0x0000000000002e42      0xc19 build/obj_files/sdhc_driver.o
 .debug_loc     0x0000000000003a5b      0x8c0 build/obj_files/IMX477_Driver.o
 .debug_loc     0x000000000000431b      0x959 build/obj_files/GMSL_SerDes.o
 .debug_loc     0x0000000000004c74     0x1a0b build/obj_files/dma_video_stream.o

.debug_aranges  0x0000000000000000      0x160
 .debug_aranges
                0x0000000000000000       0x20 build/obj_files/efx_mmc_driver.o
 .debug_aranges
                0x0000000000000020       0x20 build/obj_files/PiCamDriver.o
 .debug_aranges
                0x0000000000000040       0x20 build/obj_files/intc.o
 .debug_aranges
                0x0000000000000060       0x20 build/obj_files/main.o
 .debug_aranges
                0x0000000000000080       0x20 build/obj_files/common.o
 .debug_aranges
                0x00000000000000a0       0x20 build/obj_files/sdhc_driver.o
 .debug_aranges
                0x00000000000000c0       0x20 build/obj_files/IMX477_Driver.o
 .debug_aranges
                0x00000000000000e0       0x20 build/obj_files/GMSL_SerDes.o
 .debug_aranges
                0x0000000000000100       0x20 build/obj_files/dma_video_stream.o
 .debug_aranges
                0x0000000000000120       0x20 build/obj_files/start.o
 .debug_aranges
                0x0000000000000140       0x20 build/obj_files/trap.o

.debug_ranges   0x0000000000000000      0x118
 .debug_ranges  0x0000000000000000       0x30 build/obj_files/efx_mmc_driver.o
 .debug_ranges  0x0000000000000030       0x30 build/obj_files/main.o
 .debug_ranges  0x0000000000000060       0x18 build/obj_files/sdhc_driver.o
 .debug_ranges  0x0000000000000078       0x18 build/obj_files/IMX477_Driver.o
 .debug_ranges  0x0000000000000090       0x88 build/obj_files/dma_video_stream.o

.debug_macro    0x0000000000000000     0x50e9
 .debug_macro   0x0000000000000000      0x2e0 build/obj_files/efx_mmc_driver.o
 .debug_macro   0x00000000000002e0      0x760 build/obj_files/efx_mmc_driver.o
 .debug_macro   0x0000000000000a40      0x202 build/obj_files/efx_mmc_driver.o
 .debug_macro   0x0000000000000c42       0x22 build/obj_files/efx_mmc_driver.o
 .debug_macro   0x0000000000000c64       0x8e build/obj_files/efx_mmc_driver.o
 .debug_macro   0x0000000000000cf2       0x51 build/obj_files/efx_mmc_driver.o
 .debug_macro   0x0000000000000d43      0x103 build/obj_files/efx_mmc_driver.o
 .debug_macro   0x0000000000000e46       0x6a build/obj_files/efx_mmc_driver.o
 .debug_macro   0x0000000000000eb0      0x1df build/obj_files/efx_mmc_driver.o
 .debug_macro   0x000000000000108f       0xc4 build/obj_files/efx_mmc_driver.o
 .debug_macro   0x0000000000001153       0x10 build/obj_files/efx_mmc_driver.o
 .debug_macro   0x0000000000001163       0x1c build/obj_files/efx_mmc_driver.o
 .debug_macro   0x000000000000117f       0x16 build/obj_files/efx_mmc_driver.o
 .debug_macro   0x0000000000001195      0x1d7 build/obj_files/efx_mmc_driver.o
 .debug_macro   0x000000000000136c       0x1c build/obj_files/efx_mmc_driver.o
 .debug_macro   0x0000000000001388       0x70 build/obj_files/efx_mmc_driver.o
 .debug_macro   0x00000000000013f8       0x58 build/obj_files/efx_mmc_driver.o
 .debug_macro   0x0000000000001450       0x19 build/obj_files/efx_mmc_driver.o
 .debug_macro   0x0000000000001469       0x52 build/obj_files/efx_mmc_driver.o
 .debug_macro   0x00000000000014bb       0x34 build/obj_files/efx_mmc_driver.o
 .debug_macro   0x00000000000014ef       0x34 build/obj_files/efx_mmc_driver.o
 .debug_macro   0x0000000000001523       0x16 build/obj_files/efx_mmc_driver.o
 .debug_macro   0x0000000000001539      0x10e build/obj_files/efx_mmc_driver.o
 .debug_macro   0x0000000000001647       0x8d build/obj_files/efx_mmc_driver.o
 .debug_macro   0x00000000000016d4       0x16 build/obj_files/efx_mmc_driver.o
 .debug_macro   0x00000000000016ea       0x43 build/obj_files/efx_mmc_driver.o
 .debug_macro   0x000000000000172d       0x34 build/obj_files/efx_mmc_driver.o
 .debug_macro   0x0000000000001761       0x10 build/obj_files/efx_mmc_driver.o
 .debug_macro   0x0000000000001771       0x52 build/obj_files/efx_mmc_driver.o
 .debug_macro   0x00000000000017c3      0x182 build/obj_files/efx_mmc_driver.o
 .debug_macro   0x0000000000001945      0x339 build/obj_files/efx_mmc_driver.o
 .debug_macro   0x0000000000001c7e       0x16 build/obj_files/efx_mmc_driver.o
 .debug_macro   0x0000000000001c94       0x29 build/obj_files/efx_mmc_driver.o
 .debug_macro   0x0000000000001cbd      0x1a9 build/obj_files/efx_mmc_driver.o
 .debug_macro   0x0000000000001e66       0x16 build/obj_files/efx_mmc_driver.o
 .debug_macro   0x0000000000001e7c       0x35 build/obj_files/efx_mmc_driver.o
 .debug_macro   0x0000000000001eb1       0x94 build/obj_files/efx_mmc_driver.o
 .debug_macro   0x0000000000001f45      0x2eb build/obj_files/efx_mmc_driver.o
 .debug_macro   0x0000000000002230      0x1c0 build/obj_files/efx_mmc_driver.o
 .debug_macro   0x00000000000023f0       0xb8 build/obj_files/efx_mmc_driver.o
 .debug_macro   0x00000000000024a8       0x1c build/obj_files/efx_mmc_driver.o
 .debug_macro   0x00000000000024c4       0x10 build/obj_files/efx_mmc_driver.o
 .debug_macro   0x00000000000024d4       0x1c build/obj_files/efx_mmc_driver.o
 .debug_macro   0x00000000000024f0       0x52 build/obj_files/efx_mmc_driver.o
 .debug_macro   0x0000000000002542       0x40 build/obj_files/efx_mmc_driver.o
 .debug_macro   0x0000000000002582       0x10 build/obj_files/efx_mmc_driver.o
 .debug_macro   0x0000000000002592       0x40 build/obj_files/efx_mmc_driver.o
 .debug_macro   0x00000000000025d2       0xd5 build/obj_files/efx_mmc_driver.o
 .debug_macro   0x00000000000026a7       0x1c build/obj_files/efx_mmc_driver.o
 .debug_macro   0x00000000000026c3       0x3d build/obj_files/efx_mmc_driver.o
 .debug_macro   0x0000000000002700       0x16 build/obj_files/efx_mmc_driver.o
 .debug_macro   0x0000000000002716      0x16f build/obj_files/efx_mmc_driver.o
 .debug_macro   0x0000000000002885       0x2e build/obj_files/efx_mmc_driver.o
 .debug_macro   0x00000000000028b3       0xee build/obj_files/efx_mmc_driver.o
 .debug_macro   0x00000000000029a1      0x202 build/obj_files/PiCamDriver.o
 .debug_macro   0x0000000000002ba3      0x161 build/obj_files/PiCamDriver.o
 .debug_macro   0x0000000000002d04      0x92a build/obj_files/PiCamDriver.o
 .debug_macro   0x000000000000362e      0x220 build/obj_files/intc.o
 .debug_macro   0x000000000000384e      0x2f0 build/obj_files/main.o
 .debug_macro   0x0000000000003b3e      0x924 build/obj_files/main.o
 .debug_macro   0x0000000000004462      0x15a build/obj_files/main.o
 .debug_macro   0x00000000000045bc       0x9a build/obj_files/main.o
 .debug_macro   0x0000000000004656      0x1d2 build/obj_files/common.o
 .debug_macro   0x0000000000004828      0x1fc build/obj_files/sdhc_driver.o
 .debug_macro   0x0000000000004a24       0xbe build/obj_files/sdhc_driver.o
 .debug_macro   0x0000000000004ae2      0x202 build/obj_files/IMX477_Driver.o
 .debug_macro   0x0000000000004ce4      0x1fc build/obj_files/GMSL_SerDes.o
 .debug_macro   0x0000000000004ee0      0x209 build/obj_files/dma_video_stream.o

.debug_line     0x0000000000000000     0xb27c
 .debug_line    0x0000000000000000     0x1779 build/obj_files/efx_mmc_driver.o
 .debug_line    0x0000000000001779      0xd55 build/obj_files/PiCamDriver.o
 .debug_line    0x00000000000024ce      0xf35 build/obj_files/intc.o
 .debug_line    0x0000000000003403     0x1e26 build/obj_files/main.o
 .debug_line    0x0000000000005229      0x5de build/obj_files/common.o
 .debug_line    0x0000000000005807     0x1265 build/obj_files/sdhc_driver.o
 .debug_line    0x0000000000006a6c     0x104a build/obj_files/IMX477_Driver.o
 .debug_line    0x0000000000007ab6      0xd4b build/obj_files/GMSL_SerDes.o
 .debug_line    0x0000000000008801     0x28b0 build/obj_files/dma_video_stream.o
 .debug_line    0x000000000000b0b1       0xba build/obj_files/start.o
 .debug_line    0x000000000000b16b      0x111 build/obj_files/trap.o

.debug_str      0x0000000000000000    0x10941
 .debug_str     0x0000000000000000     0xc114 build/obj_files/efx_mmc_driver.o
                                       0xc448 (size before relaxing)
 .debug_str     0x000000000000c114     0x2b2b build/obj_files/PiCamDriver.o
                                       0xc68d (size before relaxing)
 .debug_str     0x000000000000ec3f      0x212 build/obj_files/intc.o
                                       0xb29f (size before relaxing)
 .debug_str     0x000000000000ee51     0x12b7 build/obj_files/main.o
                                       0xeb78 (size before relaxing)
 .debug_str     0x0000000000010108       0x38 build/obj_files/common.o
                                       0x8c68 (size before relaxing)
 .debug_str     0x0000000000010140      0x135 build/obj_files/sdhc_driver.o
                                       0xaa57 (size before relaxing)
 .debug_str     0x0000000000010275      0x108 build/obj_files/IMX477_Driver.o
                                       0xab8d (size before relaxing)
 .debug_str     0x000000000001037d       0x68 build/obj_files/GMSL_SerDes.o
                                       0xa7e9 (size before relaxing)
 .debug_str     0x00000000000103e5      0x52d build/obj_files/dma_video_stream.o
                                       0xd1dd (size before relaxing)
 .debug_str     0x0000000000010912       0x1e build/obj_files/start.o
                                         0xc4 (size before relaxing)
 .debug_str     0x0000000000010930       0x11 build/obj_files/trap.o
                                         0xc3 (size before relaxing)

.comment        0x0000000000000000       0x33
 .comment       0x0000000000000000       0x33 build/obj_files/efx_mmc_driver.o
                                         0x34 (size before relaxing)
 .comment       0x0000000000000033       0x34 build/obj_files/PiCamDriver.o
 .comment       0x0000000000000033       0x34 build/obj_files/intc.o
 .comment       0x0000000000000033       0x34 build/obj_files/main.o
 .comment       0x0000000000000033       0x34 build/obj_files/common.o
 .comment       0x0000000000000033       0x34 build/obj_files/sdhc_driver.o
 .comment       0x0000000000000033       0x34 build/obj_files/IMX477_Driver.o
 .comment       0x0000000000000033       0x34 build/obj_files/GMSL_SerDes.o
 .comment       0x0000000000000033       0x34 build/obj_files/dma_video_stream.o

.debug_frame    0x0000000000000000     0x1b84
 .debug_frame   0x0000000000000000      0x1e0 build/obj_files/efx_mmc_driver.o
 .debug_frame   0x00000000000001e0      0x2c8 build/obj_files/PiCamDriver.o
 .debug_frame   0x00000000000004a8      0x234 build/obj_files/intc.o
 .debug_frame   0x00000000000006dc      0x460 build/obj_files/main.o
 .debug_frame   0x0000000000000b3c      0x108 build/obj_files/common.o
 .debug_frame   0x0000000000000c44      0x324 build/obj_files/sdhc_driver.o
 .debug_frame   0x0000000000000f68      0x2e0 build/obj_files/IMX477_Driver.o
 .debug_frame   0x0000000000001248      0x1a8 build/obj_files/GMSL_SerDes.o
 .debug_frame   0x00000000000013f0      0x4e8 build/obj_files/dma_video_stream.o
 .debug_frame   0x00000000000018d8       0x3c c:/efinity/efinity-riscv-ide-2025.2/toolchain/bin/../lib/gcc/riscv-none-embed/8.3.0/../../../../riscv-none-embed/lib/rv32im/ilp32\libc.a(lib_a-init.o)
 .debug_frame   0x0000000000001914       0x30 c:/efinity/efinity-riscv-ide-2025.2/toolchain/bin/../lib/gcc/riscv-none-embed/8.3.0/../../../../riscv-none-embed/lib/rv32im/ilp32\libc.a(lib_a-malloc.o)
 .debug_frame   0x0000000000001944       0x58 c:/efinity/efinity-riscv-ide-2025.2/toolchain/bin/../lib/gcc/riscv-none-embed/8.3.0/../../../../riscv-none-embed/lib/rv32im/ilp32\libc.a(lib_a-mallocr.o)
 .debug_frame   0x000000000000199c       0x20 c:/efinity/efinity-riscv-ide-2025.2/toolchain/bin/../lib/gcc/riscv-none-embed/8.3.0/../../../../riscv-none-embed/lib/rv32im/ilp32\libc.a(lib_a-memcmp.o)
 .debug_frame   0x00000000000019bc       0x30 c:/efinity/efinity-riscv-ide-2025.2/toolchain/bin/../lib/gcc/riscv-none-embed/8.3.0/../../../../riscv-none-embed/lib/rv32im/ilp32\libc.a(lib_a-mlock.o)
 .debug_frame   0x00000000000019ec       0x30 c:/efinity/efinity-riscv-ide-2025.2/toolchain/bin/../lib/gcc/riscv-none-embed/8.3.0/../../../../riscv-none-embed/lib/rv32im/ilp32\libc.a(lib_a-rand.o)
 .debug_frame   0x0000000000001a1c       0x3c c:/efinity/efinity-riscv-ide-2025.2/toolchain/bin/../lib/gcc/riscv-none-embed/8.3.0/../../../../riscv-none-embed/lib/rv32im/ilp32\libc.a(lib_a-sbrkr.o)
 .debug_frame   0x0000000000001a58       0x9c c:/efinity/efinity-riscv-ide-2025.2/toolchain/bin/../lib/gcc/riscv-none-embed/8.3.0/../../../../riscv-none-embed/lib/rv32im/ilp32\libc.a(lib_a-freer.o)
 .debug_frame   0x0000000000001af4       0x70 c:/efinity/efinity-riscv-ide-2025.2/toolchain/bin/../lib/gcc/riscv-none-embed/8.3.0/../../../../riscv-none-embed/lib/rv32im/ilp32\libc.a(lib_a-reent.o)
 .debug_frame   0x0000000000001b64       0x20 c:/efinity/efinity-riscv-ide-2025.2/toolchain/bin/../lib/gcc/riscv-none-embed/8.3.0/../../../../riscv-none-embed/lib/rv32im/ilp32\libnosys.a(sbrk.o)
